<?xml version="1.0"?>
<link_info>
   <banner>TI ARM Linker PC v16.9.4.LTS</banner>
   <copyright>Copyright (c) 1996-2017 Texas Instruments Incorporated</copyright>
   <link_time>0x5a20322f</link_time>
   <link_errors>0x4</link_errors>
   <output_file>Lab_5.out</output_file>
   <entry_point>
      <name>_c_int00</name>
      <address>0x35b1</address>
   </entry_point>
   <input_file_list>
      <input_file id="fl-2">
         <path>.\</path>
         <kind>object</kind>
         <file>main.obj</file>
         <name>main.obj</name>
      </input_file>
      <input_file id="fl-3">
         <path>.\</path>
         <kind>object</kind>
         <file>startup_msp432p401r_ccs.obj</file>
         <name>startup_msp432p401r_ccs.obj</name>
      </input_file>
      <input_file id="fl-4">
         <path>.\</path>
         <kind>object</kind>
         <file>system_msp432p401r.obj</file>
         <name>system_msp432p401r.obj</name>
      </input_file>
      <input_file id="fl-5">
         <path>.\</path>
         <kind>object</kind>
         <file>test.obj</file>
         <name>test.obj</name>
      </input_file>
      <input_file id="fl-a">
         <kind>object</kind>
         <file>&lt;internal&gt;</file>
         <name>&lt;internal&gt;</name>
      </input_file>
      <input_file id="fl-b">
         <path>C:\ti\msp432_driverlib_3_21_00_05\driverlib\MSP432P4xx\ccs\</path>
         <kind>archive</kind>
         <file>msp432p4xx_driverlib.lib</file>
         <name>adc14.o</name>
      </input_file>
      <input_file id="fl-c">
         <path>C:\ti\msp432_driverlib_3_21_00_05\driverlib\MSP432P4xx\ccs\</path>
         <kind>archive</kind>
         <file>msp432p4xx_driverlib.lib</file>
         <name>cs.o</name>
      </input_file>
      <input_file id="fl-d">
         <path>C:\ti\msp432_driverlib_3_21_00_05\driverlib\MSP432P4xx\ccs\</path>
         <kind>archive</kind>
         <file>msp432p4xx_driverlib.lib</file>
         <name>flash.o</name>
      </input_file>
      <input_file id="fl-e">
         <path>C:\ti\msp432_driverlib_3_21_00_05\driverlib\MSP432P4xx\ccs\</path>
         <kind>archive</kind>
         <file>msp432p4xx_driverlib.lib</file>
         <name>gpio.o</name>
      </input_file>
      <input_file id="fl-f">
         <path>C:\ti\msp432_driverlib_3_21_00_05\driverlib\MSP432P4xx\ccs\</path>
         <kind>archive</kind>
         <file>msp432p4xx_driverlib.lib</file>
         <name>interrupt.o</name>
      </input_file>
      <input_file id="fl-10">
         <path>C:\ti\msp432_driverlib_3_21_00_05\driverlib\MSP432P4xx\ccs\</path>
         <kind>archive</kind>
         <file>msp432p4xx_driverlib.lib</file>
         <name>sysctl.o</name>
      </input_file>
      <input_file id="fl-11">
         <path>C:\ti\msp432_driverlib_3_21_00_05\driverlib\MSP432P4xx\ccs\</path>
         <kind>archive</kind>
         <file>msp432p4xx_driverlib.lib</file>
         <name>timer_a.o</name>
      </input_file>
      <input_file id="fl-12">
         <path>C:\ti\msp432_driverlib_3_21_00_05\driverlib\MSP432P4xx\ccs\</path>
         <kind>archive</kind>
         <file>msp432p4xx_driverlib.lib</file>
         <name>wdt_a.o</name>
      </input_file>
      <input_file id="fl-13">
         <path>C:\ti\msp432_driverlib_3_21_00_05\driverlib\MSP432P4xx\ccs\</path>
         <kind>archive</kind>
         <file>msp432p4xx_driverlib.lib</file>
         <name>cpu.o</name>
      </input_file>
      <input_file id="fl-c9">
         <path>C:\ti\ccsv7\tools\compiler\ti-cgt-arm_16.9.4.LTS\lib\</path>
         <kind>archive</kind>
         <file>rtsv7M4_T_le_v4SPD16_eabi.lib</file>
         <name>boot.obj</name>
      </input_file>
      <input_file id="fl-ca">
         <path>C:\ti\ccsv7\tools\compiler\ti-cgt-arm_16.9.4.LTS\lib\</path>
         <kind>archive</kind>
         <file>rtsv7M4_T_le_v4SPD16_eabi.lib</file>
         <name>copy_decompress_lzss.obj</name>
      </input_file>
      <input_file id="fl-cb">
         <path>C:\ti\ccsv7\tools\compiler\ti-cgt-arm_16.9.4.LTS\lib\</path>
         <kind>archive</kind>
         <file>rtsv7M4_T_le_v4SPD16_eabi.lib</file>
         <name>copy_decompress_none.obj</name>
      </input_file>
      <input_file id="fl-cc">
         <path>C:\ti\ccsv7\tools\compiler\ti-cgt-arm_16.9.4.LTS\lib\</path>
         <kind>archive</kind>
         <file>rtsv7M4_T_le_v4SPD16_eabi.lib</file>
         <name>copy_zero_init.obj</name>
      </input_file>
      <input_file id="fl-cd">
         <path>C:\ti\ccsv7\tools\compiler\ti-cgt-arm_16.9.4.LTS\lib\</path>
         <kind>archive</kind>
         <file>rtsv7M4_T_le_v4SPD16_eabi.lib</file>
         <name>exit.obj</name>
      </input_file>
      <input_file id="fl-ce">
         <path>C:\ti\ccsv7\tools\compiler\ti-cgt-arm_16.9.4.LTS\lib\</path>
         <kind>archive</kind>
         <file>rtsv7M4_T_le_v4SPD16_eabi.lib</file>
         <name>fd_div_t2.obj</name>
      </input_file>
      <input_file id="fl-cf">
         <path>C:\ti\ccsv7\tools\compiler\ti-cgt-arm_16.9.4.LTS\lib\</path>
         <kind>archive</kind>
         <file>rtsv7M4_T_le_v4SPD16_eabi.lib</file>
         <name>fd_mul_t2.obj</name>
      </input_file>
      <input_file id="fl-d0">
         <path>C:\ti\ccsv7\tools\compiler\ti-cgt-arm_16.9.4.LTS\lib\</path>
         <kind>archive</kind>
         <file>rtsv7M4_T_le_v4SPD16_eabi.lib</file>
         <name>fd_tos_t2.obj</name>
      </input_file>
      <input_file id="fl-d1">
         <path>C:\ti\ccsv7\tools\compiler\ti-cgt-arm_16.9.4.LTS\lib\</path>
         <kind>archive</kind>
         <file>rtsv7M4_T_le_v4SPD16_eabi.lib</file>
         <name>fs_tod_t2.obj</name>
      </input_file>
      <input_file id="fl-d2">
         <path>C:\ti\ccsv7\tools\compiler\ti-cgt-arm_16.9.4.LTS\lib\</path>
         <kind>archive</kind>
         <file>rtsv7M4_T_le_v4SPD16_eabi.lib</file>
         <name>memcpy_t2.obj</name>
      </input_file>
      <input_file id="fl-d3">
         <path>C:\ti\ccsv7\tools\compiler\ti-cgt-arm_16.9.4.LTS\lib\</path>
         <kind>archive</kind>
         <file>rtsv7M4_T_le_v4SPD16_eabi.lib</file>
         <name>memset_t2.obj</name>
      </input_file>
      <input_file id="fl-d4">
         <path>C:\ti\ccsv7\tools\compiler\ti-cgt-arm_16.9.4.LTS\lib\</path>
         <kind>archive</kind>
         <file>rtsv7M4_T_le_v4SPD16_eabi.lib</file>
         <name>mpu_init.obj</name>
      </input_file>
      <input_file id="fl-d5">
         <path>C:\ti\ccsv7\tools\compiler\ti-cgt-arm_16.9.4.LTS\lib\</path>
         <kind>archive</kind>
         <file>rtsv7M4_T_le_v4SPD16_eabi.lib</file>
         <name>pre_init.obj</name>
      </input_file>
      <input_file id="fl-d6">
         <path>C:\ti\ccsv7\tools\compiler\ti-cgt-arm_16.9.4.LTS\lib\</path>
         <kind>archive</kind>
         <file>rtsv7M4_T_le_v4SPD16_eabi.lib</file>
         <name>printf.obj</name>
      </input_file>
      <input_file id="fl-d7">
         <path>C:\ti\ccsv7\tools\compiler\ti-cgt-arm_16.9.4.LTS\lib\</path>
         <kind>archive</kind>
         <file>rtsv7M4_T_le_v4SPD16_eabi.lib</file>
         <name>sprintf.obj</name>
      </input_file>
      <input_file id="fl-d8">
         <path>C:\ti\ccsv7\tools\compiler\ti-cgt-arm_16.9.4.LTS\lib\</path>
         <kind>archive</kind>
         <file>rtsv7M4_T_le_v4SPD16_eabi.lib</file>
         <name>stkdepth_vars.obj</name>
      </input_file>
      <input_file id="fl-d9">
         <path>C:\ti\ccsv7\tools\compiler\ti-cgt-arm_16.9.4.LTS\lib\</path>
         <kind>archive</kind>
         <file>rtsv7M4_T_le_v4SPD16_eabi.lib</file>
         <name>_lock.obj</name>
      </input_file>
      <input_file id="fl-da">
         <path>C:\ti\ccsv7\tools\compiler\ti-cgt-arm_16.9.4.LTS\lib\</path>
         <kind>archive</kind>
         <file>rtsv7M4_T_le_v4SPD16_eabi.lib</file>
         <name>_printfi.obj</name>
      </input_file>
      <input_file id="fl-db">
         <path>C:\ti\ccsv7\tools\compiler\ti-cgt-arm_16.9.4.LTS\lib\</path>
         <kind>archive</kind>
         <file>rtsv7M4_T_le_v4SPD16_eabi.lib</file>
         <name>args_main.obj</name>
      </input_file>
      <input_file id="fl-dc">
         <path>C:\ti\ccsv7\tools\compiler\ti-cgt-arm_16.9.4.LTS\lib\</path>
         <kind>archive</kind>
         <file>rtsv7M4_T_le_v4SPD16_eabi.lib</file>
         <name>atoi.obj</name>
      </input_file>
      <input_file id="fl-dd">
         <path>C:\ti\ccsv7\tools\compiler\ti-cgt-arm_16.9.4.LTS\lib\</path>
         <kind>archive</kind>
         <file>rtsv7M4_T_le_v4SPD16_eabi.lib</file>
         <name>autoinit.obj</name>
      </input_file>
      <input_file id="fl-de">
         <path>C:\ti\ccsv7\tools\compiler\ti-cgt-arm_16.9.4.LTS\lib\</path>
         <kind>archive</kind>
         <file>rtsv7M4_T_le_v4SPD16_eabi.lib</file>
         <name>cpy_tbl.obj</name>
      </input_file>
      <input_file id="fl-df">
         <path>C:\ti\ccsv7\tools\compiler\ti-cgt-arm_16.9.4.LTS\lib\</path>
         <kind>archive</kind>
         <file>rtsv7M4_T_le_v4SPD16_eabi.lib</file>
         <name>ctype.obj</name>
      </input_file>
      <input_file id="fl-e0">
         <path>C:\ti\ccsv7\tools\compiler\ti-cgt-arm_16.9.4.LTS\lib\</path>
         <kind>archive</kind>
         <file>rtsv7M4_T_le_v4SPD16_eabi.lib</file>
         <name>defs.obj</name>
      </input_file>
      <input_file id="fl-e1">
         <path>C:\ti\ccsv7\tools\compiler\ti-cgt-arm_16.9.4.LTS\lib\</path>
         <kind>archive</kind>
         <file>rtsv7M4_T_le_v4SPD16_eabi.lib</file>
         <name>fd_add_t2.obj</name>
      </input_file>
      <input_file id="fl-e2">
         <path>C:\ti\ccsv7\tools\compiler\ti-cgt-arm_16.9.4.LTS\lib\</path>
         <kind>archive</kind>
         <file>rtsv7M4_T_le_v4SPD16_eabi.lib</file>
         <name>fd_cmp_t2.obj</name>
      </input_file>
      <input_file id="fl-e3">
         <path>C:\ti\ccsv7\tools\compiler\ti-cgt-arm_16.9.4.LTS\lib\</path>
         <kind>archive</kind>
         <file>rtsv7M4_T_le_v4SPD16_eabi.lib</file>
         <name>fd_toi_t2.obj</name>
      </input_file>
      <input_file id="fl-e4">
         <path>C:\ti\ccsv7\tools\compiler\ti-cgt-arm_16.9.4.LTS\lib\</path>
         <kind>archive</kind>
         <file>rtsv7M4_T_le_v4SPD16_eabi.lib</file>
         <name>fputc.obj</name>
      </input_file>
      <input_file id="fl-e5">
         <path>C:\ti\ccsv7\tools\compiler\ti-cgt-arm_16.9.4.LTS\lib\</path>
         <kind>archive</kind>
         <file>rtsv7M4_T_le_v4SPD16_eabi.lib</file>
         <name>fputs.obj</name>
      </input_file>
      <input_file id="fl-e6">
         <path>C:\ti\ccsv7\tools\compiler\ti-cgt-arm_16.9.4.LTS\lib\</path>
         <kind>archive</kind>
         <file>rtsv7M4_T_le_v4SPD16_eabi.lib</file>
         <name>i_tofd_t2.obj</name>
      </input_file>
      <input_file id="fl-e7">
         <path>C:\ti\ccsv7\tools\compiler\ti-cgt-arm_16.9.4.LTS\lib\</path>
         <kind>archive</kind>
         <file>rtsv7M4_T_le_v4SPD16_eabi.lib</file>
         <name>ltoa.obj</name>
      </input_file>
      <input_file id="fl-e8">
         <path>C:\ti\ccsv7\tools\compiler\ti-cgt-arm_16.9.4.LTS\lib\</path>
         <kind>archive</kind>
         <file>rtsv7M4_T_le_v4SPD16_eabi.lib</file>
         <name>memccpy.obj</name>
      </input_file>
      <input_file id="fl-e9">
         <path>C:\ti\ccsv7\tools\compiler\ti-cgt-arm_16.9.4.LTS\lib\</path>
         <kind>archive</kind>
         <file>rtsv7M4_T_le_v4SPD16_eabi.lib</file>
         <name>memchr.obj</name>
      </input_file>
      <input_file id="fl-ea">
         <path>C:\ti\ccsv7\tools\compiler\ti-cgt-arm_16.9.4.LTS\lib\</path>
         <kind>archive</kind>
         <file>rtsv7M4_T_le_v4SPD16_eabi.lib</file>
         <name>s_frexp.obj</name>
      </input_file>
      <input_file id="fl-eb">
         <path>C:\ti\ccsv7\tools\compiler\ti-cgt-arm_16.9.4.LTS\lib\</path>
         <kind>archive</kind>
         <file>rtsv7M4_T_le_v4SPD16_eabi.lib</file>
         <name>s_scalbn.obj</name>
      </input_file>
      <input_file id="fl-ec">
         <path>C:\ti\ccsv7\tools\compiler\ti-cgt-arm_16.9.4.LTS\lib\</path>
         <kind>archive</kind>
         <file>rtsv7M4_T_le_v4SPD16_eabi.lib</file>
         <name>startup.obj</name>
      </input_file>
      <input_file id="fl-ed">
         <path>C:\ti\ccsv7\tools\compiler\ti-cgt-arm_16.9.4.LTS\lib\</path>
         <kind>archive</kind>
         <file>rtsv7M4_T_le_v4SPD16_eabi.lib</file>
         <name>strchr.obj</name>
      </input_file>
      <input_file id="fl-ee">
         <path>C:\ti\ccsv7\tools\compiler\ti-cgt-arm_16.9.4.LTS\lib\</path>
         <kind>archive</kind>
         <file>rtsv7M4_T_le_v4SPD16_eabi.lib</file>
         <name>strlen.obj</name>
      </input_file>
      <input_file id="fl-ef">
         <path>C:\ti\ccsv7\tools\compiler\ti-cgt-arm_16.9.4.LTS\lib\</path>
         <kind>archive</kind>
         <file>rtsv7M4_T_le_v4SPD16_eabi.lib</file>
         <name>ull_div_t2.obj</name>
      </input_file>
      <input_file id="fl-f0">
         <path>C:\ti\ccsv7\tools\compiler\ti-cgt-arm_16.9.4.LTS\lib\</path>
         <kind>archive</kind>
         <file>rtsv7M4_T_le_v4SPD16_eabi.lib</file>
         <name>write.obj</name>
      </input_file>
      <input_file id="fl-f1">
         <path>C:\ti\ccsv7\tools\compiler\ti-cgt-arm_16.9.4.LTS\lib\</path>
         <kind>archive</kind>
         <file>rtsv7M4_T_le_v4SPD16_eabi.lib</file>
         <name>_io_perm.obj</name>
      </input_file>
      <input_file id="fl-f2">
         <path>C:\ti\ccsv7\tools\compiler\ti-cgt-arm_16.9.4.LTS\lib\</path>
         <kind>archive</kind>
         <file>rtsv7M4_T_le_v4SPD16_eabi.lib</file>
         <name>errno.obj</name>
      </input_file>
      <input_file id="fl-f3">
         <path>C:\ti\ccsv7\tools\compiler\ti-cgt-arm_16.9.4.LTS\lib\</path>
         <kind>archive</kind>
         <file>rtsv7M4_T_le_v4SPD16_eabi.lib</file>
         <name>fflush.obj</name>
      </input_file>
      <input_file id="fl-f4">
         <path>C:\ti\ccsv7\tools\compiler\ti-cgt-arm_16.9.4.LTS\lib\</path>
         <kind>archive</kind>
         <file>rtsv7M4_T_le_v4SPD16_eabi.lib</file>
         <name>fseek.obj</name>
      </input_file>
      <input_file id="fl-f5">
         <path>C:\ti\ccsv7\tools\compiler\ti-cgt-arm_16.9.4.LTS\lib\</path>
         <kind>archive</kind>
         <file>rtsv7M4_T_le_v4SPD16_eabi.lib</file>
         <name>hostclose.obj</name>
      </input_file>
      <input_file id="fl-f6">
         <path>C:\ti\ccsv7\tools\compiler\ti-cgt-arm_16.9.4.LTS\lib\</path>
         <kind>archive</kind>
         <file>rtsv7M4_T_le_v4SPD16_eabi.lib</file>
         <name>hostlseek.obj</name>
      </input_file>
      <input_file id="fl-f7">
         <path>C:\ti\ccsv7\tools\compiler\ti-cgt-arm_16.9.4.LTS\lib\</path>
         <kind>archive</kind>
         <file>rtsv7M4_T_le_v4SPD16_eabi.lib</file>
         <name>hostopen.obj</name>
      </input_file>
      <input_file id="fl-f8">
         <path>C:\ti\ccsv7\tools\compiler\ti-cgt-arm_16.9.4.LTS\lib\</path>
         <kind>archive</kind>
         <file>rtsv7M4_T_le_v4SPD16_eabi.lib</file>
         <name>hostread.obj</name>
      </input_file>
      <input_file id="fl-f9">
         <path>C:\ti\ccsv7\tools\compiler\ti-cgt-arm_16.9.4.LTS\lib\</path>
         <kind>archive</kind>
         <file>rtsv7M4_T_le_v4SPD16_eabi.lib</file>
         <name>hostrename.obj</name>
      </input_file>
      <input_file id="fl-fa">
         <path>C:\ti\ccsv7\tools\compiler\ti-cgt-arm_16.9.4.LTS\lib\</path>
         <kind>archive</kind>
         <file>rtsv7M4_T_le_v4SPD16_eabi.lib</file>
         <name>hostunlink.obj</name>
      </input_file>
      <input_file id="fl-fb">
         <path>C:\ti\ccsv7\tools\compiler\ti-cgt-arm_16.9.4.LTS\lib\</path>
         <kind>archive</kind>
         <file>rtsv7M4_T_le_v4SPD16_eabi.lib</file>
         <name>hostwrite.obj</name>
      </input_file>
      <input_file id="fl-fc">
         <path>C:\ti\ccsv7\tools\compiler\ti-cgt-arm_16.9.4.LTS\lib\</path>
         <kind>archive</kind>
         <file>rtsv7M4_T_le_v4SPD16_eabi.lib</file>
         <name>lseek.obj</name>
      </input_file>
      <input_file id="fl-fd">
         <path>C:\ti\ccsv7\tools\compiler\ti-cgt-arm_16.9.4.LTS\lib\</path>
         <kind>archive</kind>
         <file>rtsv7M4_T_le_v4SPD16_eabi.lib</file>
         <name>s_copysign.obj</name>
      </input_file>
      <input_file id="fl-fe">
         <path>C:\ti\ccsv7\tools\compiler\ti-cgt-arm_16.9.4.LTS\lib\</path>
         <kind>archive</kind>
         <file>rtsv7M4_T_le_v4SPD16_eabi.lib</file>
         <name>setvbuf.obj</name>
      </input_file>
      <input_file id="fl-ff">
         <path>C:\ti\ccsv7\tools\compiler\ti-cgt-arm_16.9.4.LTS\lib\</path>
         <kind>archive</kind>
         <file>rtsv7M4_T_le_v4SPD16_eabi.lib</file>
         <name>strcpy.obj</name>
      </input_file>
      <input_file id="fl-100">
         <path>C:\ti\ccsv7\tools\compiler\ti-cgt-arm_16.9.4.LTS\lib\</path>
         <kind>archive</kind>
         <file>rtsv7M4_T_le_v4SPD16_eabi.lib</file>
         <name>trgmsg.obj</name>
      </input_file>
      <input_file id="fl-101">
         <path>C:\ti\ccsv7\tools\compiler\ti-cgt-arm_16.9.4.LTS\lib\</path>
         <kind>archive</kind>
         <file>rtsv7M4_T_le_v4SPD16_eabi.lib</file>
         <name>fopen.obj</name>
      </input_file>
      <input_file id="fl-102">
         <path>C:\ti\ccsv7\tools\compiler\ti-cgt-arm_16.9.4.LTS\lib\</path>
         <kind>archive</kind>
         <file>rtsv7M4_T_le_v4SPD16_eabi.lib</file>
         <name>memory.obj</name>
      </input_file>
      <input_file id="fl-103">
         <path>C:\ti\ccsv7\tools\compiler\ti-cgt-arm_16.9.4.LTS\lib\</path>
         <kind>archive</kind>
         <file>rtsv7M4_T_le_v4SPD16_eabi.lib</file>
         <name>open.obj</name>
      </input_file>
      <input_file id="fl-104">
         <path>C:\ti\ccsv7\tools\compiler\ti-cgt-arm_16.9.4.LTS\lib\</path>
         <kind>archive</kind>
         <file>rtsv7M4_T_le_v4SPD16_eabi.lib</file>
         <name>fclose.obj</name>
      </input_file>
      <input_file id="fl-105">
         <path>C:\ti\ccsv7\tools\compiler\ti-cgt-arm_16.9.4.LTS\lib\</path>
         <kind>archive</kind>
         <file>rtsv7M4_T_le_v4SPD16_eabi.lib</file>
         <name>getdevice.obj</name>
      </input_file>
      <input_file id="fl-106">
         <path>C:\ti\ccsv7\tools\compiler\ti-cgt-arm_16.9.4.LTS\lib\</path>
         <kind>archive</kind>
         <file>rtsv7M4_T_le_v4SPD16_eabi.lib</file>
         <name>remove.obj</name>
      </input_file>
      <input_file id="fl-107">
         <path>C:\ti\ccsv7\tools\compiler\ti-cgt-arm_16.9.4.LTS\lib\</path>
         <kind>archive</kind>
         <file>rtsv7M4_T_le_v4SPD16_eabi.lib</file>
         <name>strcmp.obj</name>
      </input_file>
      <input_file id="fl-108">
         <path>C:\ti\ccsv7\tools\compiler\ti-cgt-arm_16.9.4.LTS\lib\</path>
         <kind>archive</kind>
         <file>rtsv7M4_T_le_v4SPD16_eabi.lib</file>
         <name>strncpy.obj</name>
      </input_file>
      <input_file id="fl-109">
         <path>C:\ti\ccsv7\tools\compiler\ti-cgt-arm_16.9.4.LTS\lib\</path>
         <kind>archive</kind>
         <file>rtsv7M4_T_le_v4SPD16_eabi.lib</file>
         <name>unlink.obj</name>
      </input_file>
      <input_file id="fl-10a">
         <path>C:\ti\ccsv7\tools\compiler\ti-cgt-arm_16.9.4.LTS\lib\</path>
         <kind>archive</kind>
         <file>rtsv7M4_T_le_v4SPD16_eabi.lib</file>
         <name>close.obj</name>
      </input_file>
   </input_file_list>
   <object_component_list>
      <object_component id="oc-2c">
         <name>.intvecs:retain</name>
         <load_address>0x0</load_address>
         <run_address>0x0</run_address>
         <size>0xe4</size>
         <input_file_ref idref="fl-3"/>
      </object_component>
      <object_component id="oc-1ed">
         <name>.text</name>
         <load_address>0xe4</load_address>
         <run_address>0xe4</run_address>
         <size>0x113e</size>
         <input_file_ref idref="fl-da"/>
      </object_component>
      <object_component id="oc-56">
         <name>.text</name>
         <load_address>0x1222</load_address>
         <run_address>0x1222</run_address>
         <size>0x2</size>
         <input_file_ref idref="fl-d4"/>
      </object_component>
      <object_component id="oc-31e">
         <name>.text</name>
         <load_address>0x1224</load_address>
         <run_address>0x1224</run_address>
         <size>0x3d0</size>
         <input_file_ref idref="fl-102"/>
      </object_component>
      <object_component id="oc-be">
         <name>.text</name>
         <load_address>0x15f4</load_address>
         <run_address>0x15f4</run_address>
         <size>0x32c</size>
         <input_file_ref idref="fl-4"/>
      </object_component>
      <object_component id="oc-25e">
         <name>.text</name>
         <load_address>0x1920</load_address>
         <run_address>0x1920</run_address>
         <size>0x1f4</size>
         <input_file_ref idref="fl-ef"/>
      </object_component>
      <object_component id="oc-324">
         <name>.text</name>
         <load_address>0x1b14</load_address>
         <run_address>0x1b14</run_address>
         <size>0x1c4</size>
         <input_file_ref idref="fl-101"/>
      </object_component>
      <object_component id="oc-27d">
         <name>.text</name>
         <load_address>0x1cd8</load_address>
         <run_address>0x1cd8</run_address>
         <size>0x1b6</size>
         <input_file_ref idref="fl-e1"/>
      </object_component>
      <object_component id="oc-a9">
         <name>.text</name>
         <load_address>0x1e8e</load_address>
         <run_address>0x1e8e</run_address>
         <size>0x2</size>
         <input_file_ref idref="fl-ec"/>
      </object_component>
      <object_component id="oc-7e">
         <name>.text</name>
         <load_address>0x1e90</load_address>
         <run_address>0x1e90</run_address>
         <size>0x16c</size>
         <input_file_ref idref="fl-2"/>
      </object_component>
      <object_component id="oc-1c2">
         <name>.text:_getIndexForMemRegister</name>
         <load_address>0x1ffc</load_address>
         <run_address>0x1ffc</run_address>
         <size>0x154</size>
         <input_file_ref idref="fl-b"/>
      </object_component>
      <object_component id="oc-cb">
         <name>.text:CS_setDCOFrequency</name>
         <load_address>0x2150</load_address>
         <run_address>0x2150</run_address>
         <size>0x14c</size>
         <input_file_ref idref="fl-c"/>
      </object_component>
      <object_component id="oc-12f">
         <name>.text</name>
         <load_address>0x229c</load_address>
         <run_address>0x229c</run_address>
         <size>0x136</size>
         <input_file_ref idref="fl-ce"/>
      </object_component>
      <object_component id="oc-1e7">
         <name>.text</name>
         <load_address>0x23d4</load_address>
         <run_address>0x23d4</run_address>
         <size>0x134</size>
         <input_file_ref idref="fl-e5"/>
      </object_component>
      <object_component id="oc-12a">
         <name>.text</name>
         <load_address>0x2508</load_address>
         <run_address>0x2508</run_address>
         <size>0xfc</size>
         <input_file_ref idref="fl-cf"/>
      </object_component>
      <object_component id="oc-288">
         <name>.text</name>
         <load_address>0x2604</load_address>
         <run_address>0x2604</run_address>
         <size>0xfc</size>
         <input_file_ref idref="fl-eb"/>
      </object_component>
      <object_component id="oc-d1">
         <name>.text:CS_initClockSignal</name>
         <load_address>0x2700</load_address>
         <run_address>0x2700</run_address>
         <size>0xe0</size>
         <input_file_ref idref="fl-c"/>
      </object_component>
      <object_component id="oc-2d0">
         <name>.text</name>
         <load_address>0x27e0</load_address>
         <run_address>0x27e0</run_address>
         <size>0xdc</size>
         <input_file_ref idref="fl-fe"/>
      </object_component>
      <object_component id="oc-242">
         <name>.text</name>
         <load_address>0x28bc</load_address>
         <run_address>0x28bc</run_address>
         <size>0xc8</size>
         <input_file_ref idref="fl-f3"/>
      </object_component>
      <object_component id="oc-366">
         <name>.text</name>
         <load_address>0x2984</load_address>
         <run_address>0x2984</run_address>
         <size>0xbc</size>
         <input_file_ref idref="fl-103"/>
      </object_component>
      <object_component id="oc-1ab">
         <name>.text:privateTimer_AProcessClockSourceDivider</name>
         <load_address>0x2a40</load_address>
         <run_address>0x2a40</run_address>
         <size>0xb2</size>
         <input_file_ref idref="fl-11"/>
      </object_component>
      <object_component id="oc-23c">
         <name>.text</name>
         <load_address>0x2af2</load_address>
         <run_address>0x2af2</run_address>
         <size>0xac</size>
         <input_file_ref idref="fl-f1"/>
      </object_component>
      <object_component id="oc-3e">
         <name>.text</name>
         <load_address>0x2b9e</load_address>
         <run_address>0x2b9e</run_address>
         <size>0x9c</size>
         <input_file_ref idref="fl-d2"/>
      </object_component>
      <object_component id="oc-36c">
         <name>.text</name>
         <load_address>0x2c3c</load_address>
         <run_address>0x2c3c</run_address>
         <size>0x98</size>
         <input_file_ref idref="fl-104"/>
      </object_component>
      <object_component id="oc-1e1">
         <name>.text</name>
         <load_address>0x2cd4</load_address>
         <run_address>0x2cd4</run_address>
         <size>0x98</size>
         <input_file_ref idref="fl-e4"/>
      </object_component>
      <object_component id="oc-263">
         <name>.text:__aeabi_cdcmple</name>
         <load_address>0x2d6c</load_address>
         <run_address>0x2d6c</run_address>
         <size>0x86</size>
         <input_file_ref idref="fl-e2"/>
      </object_component>
      <object_component id="oc-268">
         <name>.text:__aeabi_cdrcmple</name>
         <load_address>0x2df2</load_address>
         <run_address>0x2df2</run_address>
         <size>0x86</size>
         <input_file_ref idref="fl-e2"/>
      </object_component>
      <object_component id="oc-4a">
         <name>.text</name>
         <load_address>0x2e78</load_address>
         <run_address>0x2e78</run_address>
         <size>0x7a</size>
         <input_file_ref idref="fl-d3"/>
      </object_component>
      <object_component id="oc-62">
         <name>.text</name>
         <load_address>0x2ef4</load_address>
         <run_address>0x2ef4</run_address>
         <size>0x70</size>
         <input_file_ref idref="fl-dd"/>
      </object_component>
      <object_component id="oc-3a9">
         <name>.text</name>
         <load_address>0x2f64</load_address>
         <run_address>0x2f64</run_address>
         <size>0x70</size>
         <input_file_ref idref="fl-105"/>
      </object_component>
      <object_component id="oc-139">
         <name>.text</name>
         <load_address>0x2fd4</load_address>
         <run_address>0x2fd4</run_address>
         <size>0x70</size>
         <input_file_ref idref="fl-d6"/>
      </object_component>
      <object_component id="oc-134">
         <name>.text</name>
         <load_address>0x3044</load_address>
         <run_address>0x3044</run_address>
         <size>0x6e</size>
         <input_file_ref idref="fl-d0"/>
      </object_component>
      <object_component id="oc-fb">
         <name>.text:ADC14_configureConversionMemory</name>
         <load_address>0x30b4</load_address>
         <run_address>0x30b4</run_address>
         <size>0x6c</size>
         <input_file_ref idref="fl-b"/>
      </object_component>
      <object_component id="oc-39b">
         <name>.text</name>
         <load_address>0x3120</load_address>
         <run_address>0x3120</run_address>
         <size>0x6c</size>
         <input_file_ref idref="fl-f9"/>
      </object_component>
      <object_component id="oc-14">
         <name>.text:decompress:lzss</name>
         <load_address>0x318c</load_address>
         <run_address>0x318c</run_address>
         <size>0x68</size>
         <input_file_ref idref="fl-ca"/>
      </object_component>
      <object_component id="oc-38f">
         <name>.text</name>
         <load_address>0x31f4</load_address>
         <run_address>0x31f4</run_address>
         <size>0x68</size>
         <input_file_ref idref="fl-f6"/>
      </object_component>
      <object_component id="oc-3c3">
         <name>.text</name>
         <load_address>0x325c</load_address>
         <run_address>0x325c</run_address>
         <size>0x68</size>
         <input_file_ref idref="fl-100"/>
      </object_component>
      <object_component id="oc-107">
         <name>.text:Interrupt_enableInterrupt</name>
         <load_address>0x32c4</load_address>
         <run_address>0x32c4</run_address>
         <size>0x64</size>
         <input_file_ref idref="fl-f"/>
      </object_component>
      <object_component id="oc-2ca">
         <name>.text</name>
         <load_address>0x3328</load_address>
         <run_address>0x3328</run_address>
         <size>0x64</size>
         <input_file_ref idref="fl-f4"/>
      </object_component>
      <object_component id="oc-282">
         <name>.text</name>
         <load_address>0x338c</load_address>
         <run_address>0x338c</run_address>
         <size>0x64</size>
         <input_file_ref idref="fl-ea"/>
      </object_component>
      <object_component id="oc-377">
         <name>.text</name>
         <load_address>0x33f0</load_address>
         <run_address>0x33f0</run_address>
         <size>0x60</size>
         <input_file_ref idref="fl-f7"/>
      </object_component>
      <object_component id="oc-3b2">
         <name>.text</name>
         <load_address>0x3450</load_address>
         <run_address>0x3450</run_address>
         <size>0x5c</size>
         <input_file_ref idref="fl-10a"/>
      </object_component>
      <object_component id="oc-383">
         <name>.text</name>
         <load_address>0x34ac</load_address>
         <run_address>0x34ac</run_address>
         <size>0x58</size>
         <input_file_ref idref="fl-f8"/>
      </object_component>
      <object_component id="oc-389">
         <name>.text</name>
         <load_address>0x3504</load_address>
         <run_address>0x3504</run_address>
         <size>0x58</size>
         <input_file_ref idref="fl-fb"/>
      </object_component>
      <object_component id="oc-1a1">
         <name>.text:CS_tuneDCOFrequency</name>
         <load_address>0x355c</load_address>
         <run_address>0x355c</run_address>
         <size>0x54</size>
         <input_file_ref idref="fl-c"/>
      </object_component>
      <object_component id="oc-26">
         <name>.text</name>
         <load_address>0x35b0</load_address>
         <run_address>0x35b0</run_address>
         <size>0x54</size>
         <input_file_ref idref="fl-c9"/>
      </object_component>
      <object_component id="oc-6e">
         <name>.text</name>
         <load_address>0x3604</load_address>
         <run_address>0x3604</run_address>
         <size>0x54</size>
         <input_file_ref idref="fl-cd"/>
      </object_component>
      <object_component id="oc-272">
         <name>.text</name>
         <load_address>0x3658</load_address>
         <run_address>0x3658</run_address>
         <size>0x54</size>
         <input_file_ref idref="fl-e7"/>
      </object_component>
      <object_component id="oc-19b">
         <name>.text:SysCtl_getTLVInfo</name>
         <load_address>0x36ac</load_address>
         <run_address>0x36ac</run_address>
         <size>0x50</size>
         <input_file_ref idref="fl-10"/>
      </object_component>
      <object_component id="oc-294">
         <name>.text</name>
         <load_address>0x36fc</load_address>
         <run_address>0x36fc</run_address>
         <size>0x4c</size>
         <input_file_ref idref="fl-dc"/>
      </object_component>
      <object_component id="oc-a3">
         <name>.text</name>
         <load_address>0x3748</load_address>
         <run_address>0x3748</run_address>
         <size>0x4c</size>
         <input_file_ref idref="fl-de"/>
      </object_component>
      <object_component id="oc-e3">
         <name>.text:GPIO_setAsPeripheralModuleFunctionInputPin</name>
         <load_address>0x3794</load_address>
         <run_address>0x3794</run_address>
         <size>0x48</size>
         <input_file_ref idref="fl-e"/>
      </object_component>
      <object_component id="oc-26d">
         <name>.text</name>
         <load_address>0x37dc</load_address>
         <run_address>0x37dc</run_address>
         <size>0x48</size>
         <input_file_ref idref="fl-e3"/>
      </object_component>
      <object_component id="oc-f5">
         <name>.text:ADC14_configureSingleSampleMode</name>
         <load_address>0x3824</load_address>
         <run_address>0x3824</run_address>
         <size>0x44</size>
         <input_file_ref idref="fl-b"/>
      </object_component>
      <object_component id="oc-d7">
         <name>.text:Timer_A_configureUpMode</name>
         <load_address>0x3868</load_address>
         <run_address>0x3868</run_address>
         <size>0x44</size>
         <input_file_ref idref="fl-11"/>
      </object_component>
      <object_component id="oc-37d">
         <name>.text</name>
         <load_address>0x38ac</load_address>
         <run_address>0x38ac</run_address>
         <size>0x44</size>
         <input_file_ref idref="fl-f5"/>
      </object_component>
      <object_component id="oc-395">
         <name>.text</name>
         <load_address>0x38f0</load_address>
         <run_address>0x38f0</run_address>
         <size>0x44</size>
         <input_file_ref idref="fl-fa"/>
      </object_component>
      <object_component id="oc-ef">
         <name>.text:ADC14_initModule</name>
         <load_address>0x3934</load_address>
         <run_address>0x3934</run_address>
         <size>0x38</size>
         <input_file_ref idref="fl-b"/>
      </object_component>
      <object_component id="oc-125">
         <name>.text</name>
         <load_address>0x396c</load_address>
         <run_address>0x396c</run_address>
         <size>0x38</size>
         <input_file_ref idref="fl-d1"/>
      </object_component>
      <object_component id="oc-3e5">
         <name>.text</name>
         <load_address>0x39a4</load_address>
         <run_address>0x39a4</run_address>
         <size>0x36</size>
         <input_file_ref idref="fl-108"/>
      </object_component>
      <object_component id="oc-278">
         <name>.text</name>
         <load_address>0x39da</load_address>
         <run_address>0x39da</run_address>
         <size>0x2e</size>
         <input_file_ref idref="fl-e6"/>
      </object_component>
      <object_component id="oc-119">
         <name>.text:ADC14_enableConversion</name>
         <load_address>0x3a08</load_address>
         <run_address>0x3a08</run_address>
         <size>0x2c</size>
         <input_file_ref idref="fl-b"/>
      </object_component>
      <object_component id="oc-3b8">
         <name>.text</name>
         <load_address>0x3a34</load_address>
         <run_address>0x3a34</run_address>
         <size>0x2c</size>
         <input_file_ref idref="fl-109"/>
      </object_component>
      <object_component id="oc-101">
         <name>.text:ADC14_enableSampleTimer</name>
         <load_address>0x3a60</load_address>
         <run_address>0x3a60</run_address>
         <size>0x28</size>
         <input_file_ref idref="fl-b"/>
      </object_component>
      <object_component id="oc-316">
         <name>.text</name>
         <load_address>0x3a88</load_address>
         <run_address>0x3a88</run_address>
         <size>0x28</size>
         <input_file_ref idref="fl-fc"/>
      </object_component>
      <object_component id="oc-248">
         <name>.text</name>
         <load_address>0x3ab0</load_address>
         <run_address>0x3ab0</run_address>
         <size>0x28</size>
         <input_file_ref idref="fl-f0"/>
      </object_component>
      <object_component id="oc-195">
         <name>.text:CS_setDCOCenteredFrequency</name>
         <load_address>0x3ad8</load_address>
         <run_address>0x3ad8</run_address>
         <size>0x24</size>
         <input_file_ref idref="fl-c"/>
      </object_component>
      <object_component id="oc-11f">
         <name>.text:ADC14_toggleConversionTrigger</name>
         <load_address>0x3afc</load_address>
         <run_address>0x3afc</run_address>
         <size>0x20</size>
         <input_file_ref idref="fl-b"/>
      </object_component>
      <object_component id="oc-256">
         <name>.text</name>
         <load_address>0x3b1c</load_address>
         <run_address>0x3b1c</run_address>
         <size>0x20</size>
         <input_file_ref idref="fl-e9"/>
      </object_component>
      <object_component id="oc-29a">
         <name>.text</name>
         <load_address>0x3b3c</load_address>
         <run_address>0x3b3c</run_address>
         <size>0x1c</size>
         <input_file_ref idref="fl-e8"/>
      </object_component>
      <object_component id="oc-13f">
         <name>.text:Timer_A_clearCaptureCompareInterrupt</name>
         <load_address>0x3b58</load_address>
         <run_address>0x3b58</run_address>
         <size>0x1a</size>
         <input_file_ref idref="fl-11"/>
      </object_component>
      <object_component id="oc-c5">
         <name>.text:WDT_A_holdTimer</name>
         <load_address>0x3b74</load_address>
         <run_address>0x3b74</run_address>
         <size>0x18</size>
         <input_file_ref idref="fl-12"/>
      </object_component>
      <object_component id="oc-68">
         <name>.text</name>
         <load_address>0x3b8c</load_address>
         <run_address>0x3b8c</run_address>
         <size>0x18</size>
         <input_file_ref idref="fl-db"/>
      </object_component>
      <object_component id="oc-3df">
         <name>.text</name>
         <load_address>0x3ba4</load_address>
         <run_address>0x3ba4</run_address>
         <size>0x18</size>
         <input_file_ref idref="fl-107"/>
      </object_component>
      <object_component id="oc-28e">
         <name>.text</name>
         <load_address>0x3bbc</load_address>
         <run_address>0x3bbc</run_address>
         <size>0x16</size>
         <input_file_ref idref="fl-ed"/>
      </object_component>
      <object_component id="oc-e9">
         <name>.text:ADC14_setResolution</name>
         <load_address>0x3bd4</load_address>
         <run_address>0x3bd4</run_address>
         <size>0x14</size>
         <input_file_ref idref="fl-b"/>
      </object_component>
      <object_component id="oc-1bb">
         <name>.text:ADCIsConversionRunning</name>
         <load_address>0x3be8</load_address>
         <run_address>0x3be8</run_address>
         <size>0x14</size>
         <input_file_ref idref="fl-b"/>
      </object_component>
      <object_component id="oc-17f">
         <name>.text</name>
         <load_address>0x3bfc</load_address>
         <run_address>0x3bfc</run_address>
         <size>0x14</size>
         <input_file_ref idref="fl-d9"/>
      </object_component>
      <object_component id="oc-2f9">
         <name>.text</name>
         <load_address>0x3c10</load_address>
         <run_address>0x3c10</run_address>
         <size>0x14</size>
         <input_file_ref idref="fl-fd"/>
      </object_component>
      <object_component id="oc-3d7">
         <name>.text</name>
         <load_address>0x3c24</load_address>
         <run_address>0x3c24</run_address>
         <size>0x14</size>
         <input_file_ref idref="fl-ff"/>
      </object_component>
      <object_component id="oc-250">
         <name>.text</name>
         <load_address>0x3c38</load_address>
         <run_address>0x3c38</run_address>
         <size>0x14</size>
         <input_file_ref idref="fl-ee"/>
      </object_component>
      <object_component id="oc-dd">
         <name>.text:ADC14_enableModule</name>
         <load_address>0x3c4c</load_address>
         <run_address>0x3c4c</run_address>
         <size>0x10</size>
         <input_file_ref idref="fl-b"/>
      </object_component>
      <object_component id="oc-113">
         <name>.text:Interrupt_enableMaster</name>
         <load_address>0x3c5c</load_address>
         <run_address>0x3c5c</run_address>
         <size>0x10</size>
         <input_file_ref idref="fl-f"/>
      </object_component>
      <object_component id="oc-1a">
         <name>.text:decompress:none</name>
         <load_address>0x3c6c</load_address>
         <run_address>0x3c6c</run_address>
         <size>0xe</size>
         <input_file_ref idref="fl-cb"/>
      </object_component>
      <object_component id="oc-78">
         <name>.text</name>
         <load_address>0x3c7a</load_address>
         <run_address>0x3c7a</run_address>
         <size>0xe</size>
         <input_file_ref idref="fl-3"/>
      </object_component>
      <object_component id="oc-1d4">
         <name>.text:CPU_cpsie</name>
         <load_address>0x3c88</load_address>
         <run_address>0x3c88</run_address>
         <size>0xc</size>
         <input_file_ref idref="fl-13"/>
      </object_component>
      <object_component id="oc-145">
         <name>.text:Timer_A_clearInterruptFlag</name>
         <load_address>0x3c94</load_address>
         <run_address>0x3c94</run_address>
         <size>0xc</size>
         <input_file_ref idref="fl-11"/>
      </object_component>
      <object_component id="oc-20">
         <name>.text:decompress:ZI</name>
         <load_address>0x3ca0</load_address>
         <run_address>0x3ca0</run_address>
         <size>0xc</size>
         <input_file_ref idref="fl-cc"/>
      </object_component>
      <object_component id="oc-10d">
         <name>.text:Timer_A_startCounter</name>
         <load_address>0x3cac</load_address>
         <run_address>0x3cac</run_address>
         <size>0x8</size>
         <input_file_ref idref="fl-11"/>
      </object_component>
      <object_component id="oc-5c">
         <name>.text</name>
         <load_address>0x3cb4</load_address>
         <run_address>0x3cb4</run_address>
         <size>0x4</size>
         <input_file_ref idref="fl-d5"/>
      </object_component>
      <object_component id="oc-306">
         <name>.const:.string:_ctypes_</name>
         <load_address>0x3cb8</load_address>
         <run_address>0x3cb8</run_address>
         <size>0x101</size>
         <input_file_ref idref="fl-df"/>
      </object_component>
      <object_component id="oc-1c9">
         <name>.const:_ctlRegs</name>
         <load_address>0x3dbc</load_address>
         <run_address>0x3dbc</run_address>
         <size>0x80</size>
         <input_file_ref idref="fl-b"/>
      </object_component>
      <object_component id="oc-1ce">
         <name>.const</name>
         <load_address>0x3e3c</load_address>
         <run_address>0x3e3c</run_address>
         <size>0x40</size>
         <input_file_ref idref="fl-f"/>
      </object_component>
      <object_component id="oc-14b">
         <name>.const:upConfig_0</name>
         <load_address>0x3e7c</load_address>
         <run_address>0x3e7c</run_address>
         <size>0x18</size>
         <input_file_ref idref="fl-2"/>
      </object_component>
      <object_component id="oc-44a">
         <name>.cinit..data.load</name>
         <load_address>0x3e98</load_address>
         <run_address>0x3e98</run_address>
         <size>0x63</size>
      </object_component>
      <object_component id="oc-448">
         <name>__TI_handler_table</name>
         <load_address>0x3efc</load_address>
         <run_address>0x3efc</run_address>
         <size>0xc</size>
      </object_component>
      <object_component id="oc-44b">
         <name>.cinit..bss.load</name>
         <load_address>0x3f08</load_address>
         <run_address>0x3f08</run_address>
         <size>0x8</size>
      </object_component>
      <object_component id="oc-449">
         <name>__TI_cinit_table</name>
         <load_address>0x3f10</load_address>
         <run_address>0x3f10</run_address>
         <size>0x10</size>
      </object_component>
      <object_component id="oc-425">
         <name>.binit</name>
         <load_address>0x0</load_address>
         <run_address>0x0</run_address>
         <size>0x0</size>
      </object_component>
      <object_component id="oc-14e">
         <name>.data</name>
         <load_address>0x20000618</load_address>
         <run_address>0x20000618</run_address>
         <size>0x4</size>
         <input_file_ref idref="fl-2"/>
      </object_component>
      <object_component id="oc-18b">
         <name>.data</name>
         <load_address>0x2000062c</load_address>
         <run_address>0x2000062c</run_address>
         <size>0x4</size>
         <input_file_ref idref="fl-4"/>
      </object_component>
      <object_component id="oc-1b4">
         <name>.data:GPIO_PORT_TO_BASE</name>
         <load_address>0x200005b8</load_address>
         <run_address>0x200005b8</run_address>
         <size>0x30</size>
         <input_file_ref idref="fl-e"/>
      </object_component>
      <object_component id="oc-b3">
         <name>.data:$O1$$</name>
         <load_address>0x200005f8</load_address>
         <run_address>0x200005f8</run_address>
         <size>0xc</size>
         <input_file_ref idref="fl-cd"/>
      </object_component>
      <object_component id="oc-74">
         <name>.data</name>
         <load_address>0x20000628</load_address>
         <run_address>0x20000628</run_address>
         <size>0x4</size>
         <input_file_ref idref="fl-d8"/>
      </object_component>
      <object_component id="oc-b6">
         <name>.data:$O1$$</name>
         <load_address>0x20000610</load_address>
         <run_address>0x20000610</run_address>
         <size>0x8</size>
         <input_file_ref idref="fl-d9"/>
      </object_component>
      <object_component id="oc-1f3">
         <name>.data:_ftable</name>
         <load_address>0x20000400</load_address>
         <run_address>0x20000400</run_address>
         <size>0xf0</size>
         <input_file_ref idref="fl-e0"/>
      </object_component>
      <object_component id="oc-2d8">
         <name>.data</name>
         <load_address>0x200005e8</load_address>
         <run_address>0x200005e8</run_address>
         <size>0x10</size>
         <input_file_ref idref="fl-e0"/>
      </object_component>
      <object_component id="oc-337">
         <name>.data:_device</name>
         <load_address>0x200004f0</load_address>
         <run_address>0x200004f0</run_address>
         <size>0x78</size>
         <input_file_ref idref="fl-f0"/>
      </object_component>
      <object_component id="oc-2dd">
         <name>.data:_stream</name>
         <load_address>0x20000568</load_address>
         <run_address>0x20000568</run_address>
         <size>0x50</size>
         <input_file_ref idref="fl-f0"/>
      </object_component>
      <object_component id="oc-2ff">
         <name>.data</name>
         <load_address>0x2000061c</load_address>
         <run_address>0x2000061c</run_address>
         <size>0x4</size>
         <input_file_ref idref="fl-f2"/>
      </object_component>
      <object_component id="oc-372">
         <name>.data</name>
         <load_address>0x20000620</load_address>
         <run_address>0x20000620</run_address>
         <size>0x4</size>
         <input_file_ref idref="fl-101"/>
      </object_component>
      <object_component id="oc-362">
         <name>.data:$O1$$</name>
         <load_address>0x20000604</load_address>
         <run_address>0x20000604</run_address>
         <size>0xc</size>
         <input_file_ref idref="fl-102"/>
      </object_component>
      <object_component id="oc-3af">
         <name>.data</name>
         <load_address>0x20000624</load_address>
         <run_address>0x20000624</run_address>
         <size>0x4</size>
         <input_file_ref idref="fl-103"/>
      </object_component>
      <object_component id="oc-3f5">
         <name>.bss:_CIOBUF_</name>
         <uninitialized>true</uninitialized>
         <run_address>0x20000630</run_address>
         <size>0x120</size>
         <input_file_ref idref="fl-100"/>
      </object_component>
      <object_component id="oc-3be">
         <name>.common:__TI_tmpnams</name>
         <uninitialized>true</uninitialized>
         <run_address>0x20000750</run_address>
         <size>0xa0</size>
      </object_component>
      <object_component id="oc-3c9">
         <name>.common:parmbuf</name>
         <uninitialized>true</uninitialized>
         <run_address>0x200007f0</run_address>
         <size>0x8</size>
      </object_component>
      <object_component id="oc-30">
         <name>.sysmem</name>
         <uninitialized>true</uninitialized>
         <run_address>0x20000000</run_address>
         <size>0x8</size>
         <input_file_ref idref="fl-102"/>
      </object_component>
      <object_component id="oc-44d">
         <name>.sysmem</name>
         <uninitialized>true</uninitialized>
         <run_address>0x20000000</run_address>
         <size>0x0</size>
      </object_component>
      <object_component id="oc-2f">
         <name>.stack</name>
         <uninitialized>true</uninitialized>
         <run_address>0x2000fe00</run_address>
         <size>0x0</size>
         <input_file_ref idref="fl-c9"/>
      </object_component>
      <object_component id="oc-44c">
         <name>.stack</name>
         <uninitialized>true</uninitialized>
         <run_address>0x2000fe00</run_address>
         <size>0x0</size>
      </object_component>
      <object_component id="oc-201">
         <name>.debug_info</name>
         <load_address>0x0</load_address>
         <run_address>0x0</run_address>
         <size>0xa6e</size>
         <input_file_ref idref="fl-2"/>
      </object_component>
      <object_component id="oc-14f">
         <name>.debug_info</name>
         <load_address>0xa6e</load_address>
         <run_address>0xa6e</run_address>
         <size>0xbe</size>
         <input_file_ref idref="fl-2"/>
      </object_component>
      <object_component id="oc-14c">
         <name>.debug_info</name>
         <load_address>0xb2c</load_address>
         <run_address>0xb2c</run_address>
         <size>0xc8</size>
         <input_file_ref idref="fl-2"/>
      </object_component>
      <object_component id="oc-7f">
         <name>.debug_info</name>
         <load_address>0xbf4</load_address>
         <run_address>0xbf4</run_address>
         <size>0x442</size>
         <input_file_ref idref="fl-2"/>
      </object_component>
      <object_component id="oc-2c3">
         <name>.debug_info</name>
         <load_address>0x1036</load_address>
         <run_address>0x1036</run_address>
         <size>0x1055</size>
         <input_file_ref idref="fl-2"/>
      </object_component>
      <object_component id="oc-2be">
         <name>.debug_info</name>
         <load_address>0x208b</load_address>
         <run_address>0x208b</run_address>
         <size>0x37cd</size>
         <input_file_ref idref="fl-2"/>
      </object_component>
      <object_component id="oc-21b">
         <name>.debug_info</name>
         <load_address>0x5858</load_address>
         <run_address>0x5858</run_address>
         <size>0x1b5</size>
         <input_file_ref idref="fl-2"/>
      </object_component>
      <object_component id="oc-228">
         <name>.debug_info</name>
         <load_address>0x5a0d</load_address>
         <run_address>0x5a0d</run_address>
         <size>0x341</size>
         <input_file_ref idref="fl-2"/>
      </object_component>
      <object_component id="oc-152">
         <name>.debug_info</name>
         <load_address>0x5d4e</load_address>
         <run_address>0x5d4e</run_address>
         <size>0x8b</size>
         <input_file_ref idref="fl-2"/>
      </object_component>
      <object_component id="oc-18f">
         <name>.debug_info</name>
         <load_address>0x5dd9</load_address>
         <run_address>0x5dd9</run_address>
         <size>0x18b</size>
         <input_file_ref idref="fl-2"/>
      </object_component>
      <object_component id="oc-1f8">
         <name>.debug_info</name>
         <load_address>0x5f64</load_address>
         <run_address>0x5f64</run_address>
         <size>0x4e</size>
         <input_file_ref idref="fl-2"/>
      </object_component>
      <object_component id="oc-86">
         <name>.debug_info</name>
         <load_address>0x5fb2</load_address>
         <run_address>0x5fb2</run_address>
         <size>0x2a9</size>
         <input_file_ref idref="fl-3"/>
      </object_component>
      <object_component id="oc-2d">
         <name>.debug_info</name>
         <load_address>0x625b</load_address>
         <run_address>0x625b</run_address>
         <size>0xe7</size>
         <input_file_ref idref="fl-3"/>
      </object_component>
      <object_component id="oc-79">
         <name>.debug_info</name>
         <load_address>0x6342</load_address>
         <run_address>0x6342</run_address>
         <size>0x1ae</size>
         <input_file_ref idref="fl-3"/>
      </object_component>
      <object_component id="oc-39">
         <name>.debug_info</name>
         <load_address>0x64f0</load_address>
         <run_address>0x64f0</run_address>
         <size>0x84</size>
         <input_file_ref idref="fl-3"/>
      </object_component>
      <object_component id="oc-18c">
         <name>.debug_info</name>
         <load_address>0x6574</load_address>
         <run_address>0x6574</run_address>
         <size>0xe0</size>
         <input_file_ref idref="fl-4"/>
      </object_component>
      <object_component id="oc-bf">
         <name>.debug_info</name>
         <load_address>0x6654</load_address>
         <run_address>0x6654</run_address>
         <size>0x252</size>
         <input_file_ref idref="fl-4"/>
      </object_component>
      <object_component id="oc-1ba">
         <name>.debug_info</name>
         <load_address>0x68a6</load_address>
         <run_address>0x68a6</run_address>
         <size>0x4b3</size>
         <input_file_ref idref="fl-b"/>
      </object_component>
      <object_component id="oc-1ca">
         <name>.debug_info</name>
         <load_address>0x6d59</load_address>
         <run_address>0x6d59</run_address>
         <size>0xbf</size>
         <input_file_ref idref="fl-b"/>
      </object_component>
      <object_component id="oc-123">
         <name>.debug_info</name>
         <load_address>0x6e18</load_address>
         <run_address>0x6e18</run_address>
         <size>0x117</size>
         <input_file_ref idref="fl-b"/>
      </object_component>
      <object_component id="oc-1bf">
         <name>.debug_info</name>
         <load_address>0x6f2f</load_address>
         <run_address>0x6f2f</run_address>
         <size>0x105</size>
         <input_file_ref idref="fl-b"/>
      </object_component>
      <object_component id="oc-ed">
         <name>.debug_info</name>
         <load_address>0x7034</load_address>
         <run_address>0x7034</run_address>
         <size>0x136</size>
         <input_file_ref idref="fl-b"/>
      </object_component>
      <object_component id="oc-f3">
         <name>.debug_info</name>
         <load_address>0x716a</load_address>
         <run_address>0x716a</run_address>
         <size>0x243</size>
         <input_file_ref idref="fl-b"/>
      </object_component>
      <object_component id="oc-1c6">
         <name>.debug_info</name>
         <load_address>0x73ad</load_address>
         <run_address>0x73ad</run_address>
         <size>0x1d6</size>
         <input_file_ref idref="fl-b"/>
      </object_component>
      <object_component id="oc-105">
         <name>.debug_info</name>
         <load_address>0x7583</load_address>
         <run_address>0x7583</run_address>
         <size>0x17f</size>
         <input_file_ref idref="fl-b"/>
      </object_component>
      <object_component id="oc-e1">
         <name>.debug_info</name>
         <load_address>0x7702</load_address>
         <run_address>0x7702</run_address>
         <size>0xfa</size>
         <input_file_ref idref="fl-b"/>
      </object_component>
      <object_component id="oc-11d">
         <name>.debug_info</name>
         <load_address>0x77fc</load_address>
         <run_address>0x77fc</run_address>
         <size>0x12c</size>
         <input_file_ref idref="fl-b"/>
      </object_component>
      <object_component id="oc-f8">
         <name>.debug_info</name>
         <load_address>0x7928</load_address>
         <run_address>0x7928</run_address>
         <size>0x1e6</size>
         <input_file_ref idref="fl-b"/>
      </object_component>
      <object_component id="oc-fe">
         <name>.debug_info</name>
         <load_address>0x7b0e</load_address>
         <run_address>0x7b0e</run_address>
         <size>0x284</size>
         <input_file_ref idref="fl-b"/>
      </object_component>
      <object_component id="oc-220">
         <name>.debug_info</name>
         <load_address>0x7d92</load_address>
         <run_address>0x7d92</run_address>
         <size>0x103e</size>
         <input_file_ref idref="fl-b"/>
      </object_component>
      <object_component id="oc-1a8">
         <name>.debug_info</name>
         <load_address>0x8dd0</load_address>
         <run_address>0x8dd0</run_address>
         <size>0x5ef</size>
         <input_file_ref idref="fl-c"/>
      </object_component>
      <object_component id="oc-1a4">
         <name>.debug_info</name>
         <load_address>0x93bf</load_address>
         <run_address>0x93bf</run_address>
         <size>0x17e</size>
         <input_file_ref idref="fl-c"/>
      </object_component>
      <object_component id="oc-198">
         <name>.debug_info</name>
         <load_address>0x953d</load_address>
         <run_address>0x953d</run_address>
         <size>0x132</size>
         <input_file_ref idref="fl-c"/>
      </object_component>
      <object_component id="oc-ce">
         <name>.debug_info</name>
         <load_address>0x966f</load_address>
         <run_address>0x966f</run_address>
         <size>0x22b</size>
         <input_file_ref idref="fl-c"/>
      </object_component>
      <object_component id="oc-d4">
         <name>.debug_info</name>
         <load_address>0x989a</load_address>
         <run_address>0x989a</run_address>
         <size>0x1b9</size>
         <input_file_ref idref="fl-c"/>
      </object_component>
      <object_component id="oc-1b8">
         <name>.debug_info</name>
         <load_address>0x9a53</load_address>
         <run_address>0x9a53</run_address>
         <size>0x4a4</size>
         <input_file_ref idref="fl-e"/>
      </object_component>
      <object_component id="oc-1b5">
         <name>.debug_info</name>
         <load_address>0x9ef7</load_address>
         <run_address>0x9ef7</run_address>
         <size>0xd0</size>
         <input_file_ref idref="fl-e"/>
      </object_component>
      <object_component id="oc-e5">
         <name>.debug_info</name>
         <load_address>0x9fc7</load_address>
         <run_address>0x9fc7</run_address>
         <size>0x1db</size>
         <input_file_ref idref="fl-e"/>
      </object_component>
      <object_component id="oc-1d2">
         <name>.debug_info</name>
         <load_address>0xa1a2</load_address>
         <run_address>0xa1a2</run_address>
         <size>0x432</size>
         <input_file_ref idref="fl-f"/>
      </object_component>
      <object_component id="oc-1cf">
         <name>.debug_info</name>
         <load_address>0xa5d4</load_address>
         <run_address>0xa5d4</run_address>
         <size>0x173</size>
         <input_file_ref idref="fl-f"/>
      </object_component>
      <object_component id="oc-114">
         <name>.debug_info</name>
         <load_address>0xa747</load_address>
         <run_address>0xa747</run_address>
         <size>0x122</size>
         <input_file_ref idref="fl-f"/>
      </object_component>
      <object_component id="oc-108">
         <name>.debug_info</name>
         <load_address>0xa869</load_address>
         <run_address>0xa869</run_address>
         <size>0x16b</size>
         <input_file_ref idref="fl-f"/>
      </object_component>
      <object_component id="oc-217">
         <name>.debug_info</name>
         <load_address>0xa9d4</load_address>
         <run_address>0xa9d4</run_address>
         <size>0x379</size>
         <input_file_ref idref="fl-10"/>
      </object_component>
      <object_component id="oc-19d">
         <name>.debug_info</name>
         <load_address>0xad4d</load_address>
         <run_address>0xad4d</run_address>
         <size>0x1d6</size>
         <input_file_ref idref="fl-10"/>
      </object_component>
      <object_component id="oc-1b2">
         <name>.debug_info</name>
         <load_address>0xaf23</load_address>
         <run_address>0xaf23</run_address>
         <size>0x4f5</size>
         <input_file_ref idref="fl-11"/>
      </object_component>
      <object_component id="oc-10e">
         <name>.debug_info</name>
         <load_address>0xb418</load_address>
         <run_address>0xb418</run_address>
         <size>0x160</size>
         <input_file_ref idref="fl-11"/>
      </object_component>
      <object_component id="oc-1ac">
         <name>.debug_info</name>
         <load_address>0xb578</load_address>
         <run_address>0xb578</run_address>
         <size>0x1af</size>
         <input_file_ref idref="fl-11"/>
      </object_component>
      <object_component id="oc-d8">
         <name>.debug_info</name>
         <load_address>0xb727</load_address>
         <run_address>0xb727</run_address>
         <size>0x188</size>
         <input_file_ref idref="fl-11"/>
      </object_component>
      <object_component id="oc-146">
         <name>.debug_info</name>
         <load_address>0xb8af</load_address>
         <run_address>0xb8af</run_address>
         <size>0x139</size>
         <input_file_ref idref="fl-11"/>
      </object_component>
      <object_component id="oc-140">
         <name>.debug_info</name>
         <load_address>0xb9e8</load_address>
         <run_address>0xb9e8</run_address>
         <size>0x1b7</size>
         <input_file_ref idref="fl-11"/>
      </object_component>
      <object_component id="oc-c7">
         <name>.debug_info</name>
         <load_address>0xbb9f</load_address>
         <run_address>0xbb9f</run_address>
         <size>0x115</size>
         <input_file_ref idref="fl-12"/>
      </object_component>
      <object_component id="oc-1d5">
         <name>.debug_info</name>
         <load_address>0xbcb4</load_address>
         <run_address>0xbcb4</run_address>
         <size>0xe7</size>
         <input_file_ref idref="fl-13"/>
      </object_component>
      <object_component id="oc-29">
         <name>.debug_info</name>
         <load_address>0xbd9b</load_address>
         <run_address>0xbd9b</run_address>
         <size>0x160</size>
         <input_file_ref idref="fl-c9"/>
      </object_component>
      <object_component id="oc-90">
         <name>.debug_info</name>
         <load_address>0xbefb</load_address>
         <run_address>0xbefb</run_address>
         <size>0x293</size>
         <input_file_ref idref="fl-ca"/>
      </object_component>
      <object_component id="oc-15">
         <name>.debug_info</name>
         <load_address>0xc18e</load_address>
         <run_address>0xc18e</run_address>
         <size>0x245</size>
         <input_file_ref idref="fl-ca"/>
      </object_component>
      <object_component id="oc-34">
         <name>.debug_info</name>
         <load_address>0xc3d3</load_address>
         <run_address>0xc3d3</run_address>
         <size>0x60</size>
         <input_file_ref idref="fl-ca"/>
      </object_component>
      <object_component id="oc-8b">
         <name>.debug_info</name>
         <load_address>0xc433</load_address>
         <run_address>0xc433</run_address>
         <size>0x46</size>
         <input_file_ref idref="fl-ca"/>
      </object_component>
      <object_component id="oc-49">
         <name>.debug_info</name>
         <load_address>0xc479</load_address>
         <run_address>0xc479</run_address>
         <size>0x2da</size>
         <input_file_ref idref="fl-cb"/>
      </object_component>
      <object_component id="oc-1c">
         <name>.debug_info</name>
         <load_address>0xc753</load_address>
         <run_address>0xc753</run_address>
         <size>0x1df</size>
         <input_file_ref idref="fl-cb"/>
      </object_component>
      <object_component id="oc-44">
         <name>.debug_info</name>
         <load_address>0xc932</load_address>
         <run_address>0xc932</run_address>
         <size>0x46</size>
         <input_file_ref idref="fl-cb"/>
      </object_component>
      <object_component id="oc-92">
         <name>.debug_info</name>
         <load_address>0xc978</load_address>
         <run_address>0xc978</run_address>
         <size>0x2c</size>
         <input_file_ref idref="fl-cb"/>
      </object_component>
      <object_component id="oc-55">
         <name>.debug_info</name>
         <load_address>0xc9a4</load_address>
         <run_address>0xc9a4</run_address>
         <size>0x2c9</size>
         <input_file_ref idref="fl-cc"/>
      </object_component>
      <object_component id="oc-21">
         <name>.debug_info</name>
         <load_address>0xcc6d</load_address>
         <run_address>0xcc6d</run_address>
         <size>0x1aa</size>
         <input_file_ref idref="fl-cc"/>
      </object_component>
      <object_component id="oc-50">
         <name>.debug_info</name>
         <load_address>0xce17</load_address>
         <run_address>0xce17</run_address>
         <size>0x46</size>
         <input_file_ref idref="fl-cc"/>
      </object_component>
      <object_component id="oc-9a">
         <name>.debug_info</name>
         <load_address>0xce5d</load_address>
         <run_address>0xce5d</run_address>
         <size>0x2c</size>
         <input_file_ref idref="fl-cc"/>
      </object_component>
      <object_component id="oc-ba">
         <name>.debug_info</name>
         <load_address>0xce89</load_address>
         <run_address>0xce89</run_address>
         <size>0x3ce</size>
         <input_file_ref idref="fl-cd"/>
      </object_component>
      <object_component id="oc-b4">
         <name>.debug_info</name>
         <load_address>0xd257</load_address>
         <run_address>0xd257</run_address>
         <size>0x185</size>
         <input_file_ref idref="fl-cd"/>
      </object_component>
      <object_component id="oc-72">
         <name>.debug_info</name>
         <load_address>0xd3dc</load_address>
         <run_address>0xd3dc</run_address>
         <size>0x214</size>
         <input_file_ref idref="fl-cd"/>
      </object_component>
      <object_component id="oc-130">
         <name>.debug_info</name>
         <load_address>0xd5f0</load_address>
         <run_address>0xd5f0</run_address>
         <size>0x132</size>
         <input_file_ref idref="fl-ce"/>
      </object_component>
      <object_component id="oc-12c">
         <name>.debug_info</name>
         <load_address>0xd722</load_address>
         <run_address>0xd722</run_address>
         <size>0x132</size>
         <input_file_ref idref="fl-cf"/>
      </object_component>
      <object_component id="oc-135">
         <name>.debug_info</name>
         <load_address>0xd854</load_address>
         <run_address>0xd854</run_address>
         <size>0x136</size>
         <input_file_ref idref="fl-d0"/>
      </object_component>
      <object_component id="oc-127">
         <name>.debug_info</name>
         <load_address>0xd98a</load_address>
         <run_address>0xd98a</run_address>
         <size>0x124</size>
         <input_file_ref idref="fl-d1"/>
      </object_component>
      <object_component id="oc-40">
         <name>.debug_info</name>
         <load_address>0xdaae</load_address>
         <run_address>0xdaae</run_address>
         <size>0x111</size>
         <input_file_ref idref="fl-d2"/>
      </object_component>
      <object_component id="oc-4b">
         <name>.debug_info</name>
         <load_address>0xdbbf</load_address>
         <run_address>0xdbbf</run_address>
         <size>0x13f</size>
         <input_file_ref idref="fl-d3"/>
      </object_component>
      <object_component id="oc-59">
         <name>.debug_info</name>
         <load_address>0xdcfe</load_address>
         <run_address>0xdcfe</run_address>
         <size>0x138</size>
         <input_file_ref idref="fl-d4"/>
      </object_component>
      <object_component id="oc-5d">
         <name>.debug_info</name>
         <load_address>0xde36</load_address>
         <run_address>0xde36</run_address>
         <size>0x148</size>
         <input_file_ref idref="fl-d5"/>
      </object_component>
      <object_component id="oc-1f7">
         <name>.debug_info</name>
         <load_address>0xdf7e</load_address>
         <run_address>0xdf7e</run_address>
         <size>0x3c6</size>
         <input_file_ref idref="fl-d6"/>
      </object_component>
      <object_component id="oc-13a">
         <name>.debug_info</name>
         <load_address>0xe344</load_address>
         <run_address>0xe344</run_address>
         <size>0x284</size>
         <input_file_ref idref="fl-d6"/>
      </object_component>
      <object_component id="oc-2b7">
         <name>.debug_info</name>
         <load_address>0xe5c8</load_address>
         <run_address>0xe5c8</run_address>
         <size>0xae</size>
         <input_file_ref idref="fl-d6"/>
      </object_component>
      <object_component id="oc-2ac">
         <name>.debug_info</name>
         <load_address>0xe676</load_address>
         <run_address>0xe676</run_address>
         <size>0x2c</size>
         <input_file_ref idref="fl-d7"/>
      </object_component>
      <object_component id="oc-75">
         <name>.debug_info</name>
         <load_address>0xe6a2</load_address>
         <run_address>0xe6a2</run_address>
         <size>0x109</size>
         <input_file_ref idref="fl-d8"/>
      </object_component>
      <object_component id="oc-187">
         <name>.debug_info</name>
         <load_address>0xe7ab</load_address>
         <run_address>0xe7ab</run_address>
         <size>0x2be</size>
         <input_file_ref idref="fl-d9"/>
      </object_component>
      <object_component id="oc-b7">
         <name>.debug_info</name>
         <load_address>0xea69</load_address>
         <run_address>0xea69</run_address>
         <size>0x113</size>
         <input_file_ref idref="fl-d9"/>
      </object_component>
      <object_component id="oc-180">
         <name>.debug_info</name>
         <load_address>0xeb7c</load_address>
         <run_address>0xeb7c</run_address>
         <size>0x21f</size>
         <input_file_ref idref="fl-d9"/>
      </object_component>
      <object_component id="oc-2a1">
         <name>.debug_info</name>
         <load_address>0xed9b</load_address>
         <run_address>0xed9b</run_address>
         <size>0x51f</size>
         <input_file_ref idref="fl-da"/>
      </object_component>
      <object_component id="oc-1ee">
         <name>.debug_info</name>
         <load_address>0xf2ba</load_address>
         <run_address>0xf2ba</run_address>
         <size>0x1543</size>
         <input_file_ref idref="fl-da"/>
      </object_component>
      <object_component id="oc-2a2">
         <name>.debug_info</name>
         <load_address>0x107fd</load_address>
         <run_address>0x107fd</run_address>
         <size>0x86</size>
         <input_file_ref idref="fl-da"/>
      </object_component>
      <object_component id="oc-30f">
         <name>.debug_info</name>
         <load_address>0x10883</load_address>
         <run_address>0x10883</run_address>
         <size>0x46</size>
         <input_file_ref idref="fl-da"/>
      </object_component>
      <object_component id="oc-2a7">
         <name>.debug_info</name>
         <load_address>0x108c9</load_address>
         <run_address>0x108c9</run_address>
         <size>0x39</size>
         <input_file_ref idref="fl-da"/>
      </object_component>
      <object_component id="oc-b2">
         <name>.debug_info</name>
         <load_address>0x10902</load_address>
         <run_address>0x10902</run_address>
         <size>0x300</size>
         <input_file_ref idref="fl-db"/>
      </object_component>
      <object_component id="oc-69">
         <name>.debug_info</name>
         <load_address>0x10c02</load_address>
         <run_address>0x10c02</run_address>
         <size>0x167</size>
         <input_file_ref idref="fl-db"/>
      </object_component>
      <object_component id="oc-178">
         <name>.debug_info</name>
         <load_address>0x10d69</load_address>
         <run_address>0x10d69</run_address>
         <size>0x5e</size>
         <input_file_ref idref="fl-db"/>
      </object_component>
      <object_component id="oc-30a">
         <name>.debug_info</name>
         <load_address>0x10dc7</load_address>
         <run_address>0x10dc7</run_address>
         <size>0x2ae</size>
         <input_file_ref idref="fl-dc"/>
      </object_component>
      <object_component id="oc-296">
         <name>.debug_info</name>
         <load_address>0x11075</load_address>
         <run_address>0x11075</run_address>
         <size>0x171</size>
         <input_file_ref idref="fl-dc"/>
      </object_component>
      <object_component id="oc-b0">
         <name>.debug_info</name>
         <load_address>0x111e6</load_address>
         <run_address>0x111e6</run_address>
         <size>0x483</size>
         <input_file_ref idref="fl-dd"/>
      </object_component>
      <object_component id="oc-64">
         <name>.debug_info</name>
         <load_address>0x11669</load_address>
         <run_address>0x11669</run_address>
         <size>0x190</size>
         <input_file_ref idref="fl-dd"/>
      </object_component>
      <object_component id="oc-16c">
         <name>.debug_info</name>
         <load_address>0x117f9</load_address>
         <run_address>0x117f9</run_address>
         <size>0x39</size>
         <input_file_ref idref="fl-dd"/>
      </object_component>
      <object_component id="oc-20b">
         <name>.debug_info</name>
         <load_address>0x11832</load_address>
         <run_address>0x11832</run_address>
         <size>0x39</size>
         <input_file_ref idref="fl-dd"/>
      </object_component>
      <object_component id="oc-171">
         <name>.debug_info</name>
         <load_address>0x1186b</load_address>
         <run_address>0x1186b</run_address>
         <size>0xcd</size>
         <input_file_ref idref="fl-dd"/>
      </object_component>
      <object_component id="oc-168">
         <name>.debug_info</name>
         <load_address>0x11938</load_address>
         <run_address>0x11938</run_address>
         <size>0x37a</size>
         <input_file_ref idref="fl-de"/>
      </object_component>
      <object_component id="oc-a4">
         <name>.debug_info</name>
         <load_address>0x11cb2</load_address>
         <run_address>0x11cb2</run_address>
         <size>0x183</size>
         <input_file_ref idref="fl-de"/>
      </object_component>
      <object_component id="oc-206">
         <name>.debug_info</name>
         <load_address>0x11e35</load_address>
         <run_address>0x11e35</run_address>
         <size>0x2c</size>
         <input_file_ref idref="fl-de"/>
      </object_component>
      <object_component id="oc-359">
         <name>.debug_info</name>
         <load_address>0x11e61</load_address>
         <run_address>0x11e61</run_address>
         <size>0xee</size>
         <input_file_ref idref="fl-df"/>
      </object_component>
      <object_component id="oc-307">
         <name>.debug_info</name>
         <load_address>0x11f4f</load_address>
         <run_address>0x11f4f</run_address>
         <size>0xfa</size>
         <input_file_ref idref="fl-df"/>
      </object_component>
      <object_component id="oc-2b3">
         <name>.debug_info</name>
         <load_address>0x12049</load_address>
         <run_address>0x12049</run_address>
         <size>0x139</size>
         <input_file_ref idref="fl-e0"/>
      </object_component>
      <object_component id="oc-1f4">
         <name>.debug_info</name>
         <load_address>0x12182</load_address>
         <run_address>0x12182</run_address>
         <size>0xf7</size>
         <input_file_ref idref="fl-e0"/>
      </object_component>
      <object_component id="oc-2d9">
         <name>.debug_info</name>
         <load_address>0x12279</load_address>
         <run_address>0x12279</run_address>
         <size>0x184</size>
         <input_file_ref idref="fl-e0"/>
      </object_component>
      <object_component id="oc-27e">
         <name>.debug_info</name>
         <load_address>0x123fd</load_address>
         <run_address>0x123fd</run_address>
         <size>0x144</size>
         <input_file_ref idref="fl-e1"/>
      </object_component>
      <object_component id="oc-264">
         <name>.debug_info</name>
         <load_address>0x12541</load_address>
         <run_address>0x12541</run_address>
         <size>0x120</size>
         <input_file_ref idref="fl-e2"/>
      </object_component>
      <object_component id="oc-26a">
         <name>.debug_info</name>
         <load_address>0x12661</load_address>
         <run_address>0x12661</run_address>
         <size>0x122</size>
         <input_file_ref idref="fl-e2"/>
      </object_component>
      <object_component id="oc-26f">
         <name>.debug_info</name>
         <load_address>0x12783</load_address>
         <run_address>0x12783</run_address>
         <size>0x126</size>
         <input_file_ref idref="fl-e3"/>
      </object_component>
      <object_component id="oc-24f">
         <name>.debug_info</name>
         <load_address>0x128a9</load_address>
         <run_address>0x128a9</run_address>
         <size>0x378</size>
         <input_file_ref idref="fl-e4"/>
      </object_component>
      <object_component id="oc-1e2">
         <name>.debug_info</name>
         <load_address>0x12c21</load_address>
         <run_address>0x12c21</run_address>
         <size>0x23f</size>
         <input_file_ref idref="fl-e4"/>
      </object_component>
      <object_component id="oc-25d">
         <name>.debug_info</name>
         <load_address>0x12e60</load_address>
         <run_address>0x12e60</run_address>
         <size>0x43c</size>
         <input_file_ref idref="fl-e5"/>
      </object_component>
      <object_component id="oc-1e8">
         <name>.debug_info</name>
         <load_address>0x1329c</load_address>
         <run_address>0x1329c</run_address>
         <size>0x359</size>
         <input_file_ref idref="fl-e5"/>
      </object_component>
      <object_component id="oc-27a">
         <name>.debug_info</name>
         <load_address>0x135f5</load_address>
         <run_address>0x135f5</run_address>
         <size>0x124</size>
         <input_file_ref idref="fl-e6"/>
      </object_component>
      <object_component id="oc-2ef">
         <name>.debug_info</name>
         <load_address>0x13719</load_address>
         <run_address>0x13719</run_address>
         <size>0x2e6</size>
         <input_file_ref idref="fl-e7"/>
      </object_component>
      <object_component id="oc-275">
         <name>.debug_info</name>
         <load_address>0x139ff</load_address>
         <run_address>0x139ff</run_address>
         <size>0x1c2</size>
         <input_file_ref idref="fl-e7"/>
      </object_component>
      <object_component id="oc-30c">
         <name>.debug_info</name>
         <load_address>0x13bc1</load_address>
         <run_address>0x13bc1</run_address>
         <size>0x28b</size>
         <input_file_ref idref="fl-e8"/>
      </object_component>
      <object_component id="oc-29b">
         <name>.debug_info</name>
[...]
      </symbol>
      <symbol id="sm-3c5">
         <name>printf</name>
         <value>0x2fdd</value>
         <object_component_ref idref="oc-139"/>
      </symbol>
      <symbol id="sm-3d3">
         <name>main_func_sp</name>
         <value>0x20000628</value>
         <object_component_ref idref="oc-74"/>
      </symbol>
      <symbol id="sm-3ec">
         <name>_nop</name>
         <value>0x3c0b</value>
         <object_component_ref idref="oc-17f"/>
      </symbol>
      <symbol id="sm-3ed">
         <name>_lock</name>
         <value>0x20000610</value>
         <object_component_ref idref="oc-b6"/>
      </symbol>
      <symbol id="sm-3ee">
         <name>_unlock</name>
         <value>0x20000614</value>
         <object_component_ref idref="oc-b6"/>
      </symbol>
      <symbol id="sm-3ef">
         <name>_register_lock</name>
         <value>0x3c03</value>
         <object_component_ref idref="oc-17f"/>
      </symbol>
      <symbol id="sm-3f0">
         <name>_register_unlock</name>
         <value>0x3bfd</value>
         <object_component_ref idref="oc-17f"/>
      </symbol>
      <symbol id="sm-4f1">
         <name>__TI_printfi</name>
         <value>0x929</value>
         <object_component_ref idref="oc-1ed"/>
      </symbol>
      <symbol id="sm-505">
         <name>_args_main</name>
         <value>0x3b8d</value>
         <object_component_ref idref="oc-68"/>
      </symbol>
      <symbol id="sm-51b">
         <name>atoi</name>
         <value>0x36fd</value>
         <object_component_ref idref="oc-294"/>
      </symbol>
      <symbol id="sm-545">
         <name>__TI_auto_init</name>
         <value>0x2ef5</value>
         <object_component_ref idref="oc-62"/>
      </symbol>
      <symbol id="sm-55f">
         <name>copy_in</name>
         <value>0x3749</value>
         <object_component_ref idref="oc-a3"/>
      </symbol>
      <symbol id="sm-56a">
         <name>_ctypes_</name>
         <value>0x3cb8</value>
         <object_component_ref idref="oc-306"/>
      </symbol>
      <symbol id="sm-57f">
         <name>__TI_tmpnams</name>
         <value>0x20000750</value>
      </symbol>
      <symbol id="sm-580">
         <name>__aeabi_stdout</name>
         <value>0x200005f0</value>
         <object_component_ref idref="oc-2d8"/>
      </symbol>
      <symbol id="sm-581">
         <name>__aeabi_stderr</name>
         <value>0x200005f4</value>
         <object_component_ref idref="oc-2d8"/>
      </symbol>
      <symbol id="sm-582">
         <name>__aeabi_stdin</name>
         <value>0x200005ec</value>
         <object_component_ref idref="oc-2d8"/>
      </symbol>
      <symbol id="sm-583">
         <name>_ftable</name>
         <value>0x20000400</value>
         <object_component_ref idref="oc-1f3"/>
      </symbol>
      <symbol id="sm-584">
         <name>__TI_ft_end</name>
         <value>0x200005e8</value>
         <object_component_ref idref="oc-2d8"/>
      </symbol>
      <symbol id="sm-59b">
         <name>__aeabi_dsub</name>
         <value>0x1cd9</value>
         <object_component_ref idref="oc-27d"/>
      </symbol>
      <symbol id="sm-59c">
         <name>__aeabi_dadd</name>
         <value>0x1ce3</value>
         <object_component_ref idref="oc-27d"/>
      </symbol>
      <symbol id="sm-5be">
         <name>__aeabi_cdcmpeq</name>
         <value>0x2d6d</value>
         <object_component_ref idref="oc-263"/>
      </symbol>
      <symbol id="sm-5bf">
         <name>__aeabi_cdcmple</name>
         <value>0x2d6d</value>
         <object_component_ref idref="oc-263"/>
      </symbol>
      <symbol id="sm-5c0">
         <name>__aeabi_cdrcmple</name>
         <value>0x2df3</value>
         <object_component_ref idref="oc-268"/>
      </symbol>
      <symbol id="sm-5ca">
         <name>__aeabi_d2iz</name>
         <value>0x37dd</value>
         <object_component_ref idref="oc-26d"/>
      </symbol>
      <symbol id="sm-5e1">
         <name>putc</name>
         <value>0x2cd5</value>
         <object_component_ref idref="oc-1e1"/>
      </symbol>
      <symbol id="sm-5e2">
         <name>fputc</name>
         <value>0x2cd5</value>
         <object_component_ref idref="oc-1e1"/>
      </symbol>
      <symbol id="sm-5e3">
         <name>putchar</name>
         <value>0x2d59</value>
         <object_component_ref idref="oc-1e1"/>
      </symbol>
      <symbol id="sm-605">
         <name>puts</name>
         <value>0x24e1</value>
         <object_component_ref idref="oc-1e7"/>
      </symbol>
      <symbol id="sm-606">
         <name>fputs</name>
         <value>0x23d5</value>
         <object_component_ref idref="oc-1e7"/>
      </symbol>
      <symbol id="sm-610">
         <name>__aeabi_i2d</name>
         <value>0x39db</value>
         <object_component_ref idref="oc-278"/>
      </symbol>
      <symbol id="sm-61f">
         <name>ltoa</name>
         <value>0x3659</value>
         <object_component_ref idref="oc-272"/>
      </symbol>
      <symbol id="sm-62f">
         <name>memccpy</name>
         <value>0x3b3d</value>
         <object_component_ref idref="oc-29a"/>
      </symbol>
      <symbol id="sm-63f">
         <name>memchr</name>
         <value>0x3b1d</value>
         <object_component_ref idref="oc-256"/>
      </symbol>
      <symbol id="sm-65a">
         <name>frexpl</name>
         <value>0x338d</value>
         <object_component_ref idref="oc-282"/>
      </symbol>
      <symbol id="sm-65b">
         <name>frexp</name>
         <value>0x338d</value>
         <object_component_ref idref="oc-282"/>
      </symbol>
      <symbol id="sm-678">
         <name>scalbn</name>
         <value>0x2605</value>
         <object_component_ref idref="oc-288"/>
      </symbol>
      <symbol id="sm-679">
         <name>scalbnl</name>
         <value>0x2605</value>
         <object_component_ref idref="oc-288"/>
      </symbol>
      <symbol id="sm-67a">
         <name>ldexpl</name>
         <value>0x2605</value>
         <object_component_ref idref="oc-288"/>
      </symbol>
      <symbol id="sm-67b">
         <name>ldexp</name>
         <value>0x2605</value>
         <object_component_ref idref="oc-288"/>
      </symbol>
      <symbol id="sm-685">
         <name>_system_post_cinit</name>
         <value>0x1e8f</value>
         <object_component_ref idref="oc-a9"/>
      </symbol>
      <symbol id="sm-695">
         <name>strchr</name>
         <value>0x3bbd</value>
         <object_component_ref idref="oc-28e"/>
      </symbol>
      <symbol id="sm-6a3">
         <name>strlen</name>
         <value>0x3c39</value>
         <object_component_ref idref="oc-250"/>
      </symbol>
      <symbol id="sm-6bf">
         <name>__aeabi_uldivmod</name>
         <value>0x1921</value>
         <object_component_ref idref="oc-25e"/>
      </symbol>
      <symbol id="sm-6e5">
         <name>_stream</name>
         <value>0x20000568</value>
         <object_component_ref idref="oc-2dd"/>
      </symbol>
      <symbol id="sm-6e6">
         <name>_device</name>
         <value>0x200004f0</value>
         <object_component_ref idref="oc-337"/>
      </symbol>
      <symbol id="sm-6e7">
         <name>write</name>
         <value>0x3ab1</value>
         <object_component_ref idref="oc-248"/>
      </symbol>
      <symbol id="sm-705">
         <name>__TI_wrt_ok</name>
         <value>0x2af3</value>
         <object_component_ref idref="oc-23c"/>
      </symbol>
      <symbol id="sm-706">
         <name>__TI_rd_ok</name>
         <value>0x2b55</value>
         <object_component_ref idref="oc-23c"/>
      </symbol>
      <symbol id="sm-70e">
         <name>errno</name>
         <value>0x2000061c</value>
         <object_component_ref idref="oc-2ff"/>
      </symbol>
      <symbol id="sm-728">
         <name>__TI_doflush</name>
         <value>0x28bd</value>
         <object_component_ref idref="oc-242"/>
      </symbol>
      <symbol id="sm-729">
         <name>fflush</name>
         <value>0x2909</value>
         <object_component_ref idref="oc-242"/>
      </symbol>
      <symbol id="sm-73b">
         <name>fseek</name>
         <value>0x3329</value>
         <object_component_ref idref="oc-2ca"/>
      </symbol>
      <symbol id="sm-74c">
         <name>HOSTclose</name>
         <value>0x38ad</value>
         <object_component_ref idref="oc-37d"/>
      </symbol>
      <symbol id="sm-75d">
         <name>HOSTlseek</name>
         <value>0x31f5</value>
         <object_component_ref idref="oc-38f"/>
      </symbol>
      <symbol id="sm-76f">
         <name>parmbuf</name>
         <value>0x200007f0</value>
      </symbol>
      <symbol id="sm-770">
         <name>HOSTopen</name>
         <value>0x33f1</value>
         <object_component_ref idref="oc-377"/>
      </symbol>
      <symbol id="sm-781">
         <name>HOSTread</name>
         <value>0x34ad</value>
         <object_component_ref idref="oc-383"/>
      </symbol>
      <symbol id="sm-792">
         <name>HOSTrename</name>
         <value>0x3121</value>
         <object_component_ref idref="oc-39b"/>
      </symbol>
      <symbol id="sm-7a3">
         <name>HOSTunlink</name>
         <value>0x38f1</value>
         <object_component_ref idref="oc-395"/>
      </symbol>
      <symbol id="sm-7b4">
         <name>HOSTwrite</name>
         <value>0x3505</value>
         <object_component_ref idref="oc-389"/>
      </symbol>
      <symbol id="sm-7c4">
         <name>lseek</name>
         <value>0x3a89</value>
         <object_component_ref idref="oc-316"/>
      </symbol>
      <symbol id="sm-7ce">
         <name>copysign</name>
         <value>0x3c11</value>
         <object_component_ref idref="oc-2f9"/>
      </symbol>
      <symbol id="sm-7cf">
         <name>copysignl</name>
         <value>0x3c11</value>
         <object_component_ref idref="oc-2f9"/>
      </symbol>
      <symbol id="sm-7eb">
         <name>setvbuf</name>
         <value>0x27e1</value>
         <object_component_ref idref="oc-2d0"/>
      </symbol>
      <symbol id="sm-7f9">
         <name>strcpy</name>
         <value>0x3c25</value>
         <object_component_ref idref="oc-3d7"/>
      </symbol>
      <symbol id="sm-814">
         <name>__TI_readmsg</name>
         <value>0x328f</value>
         <object_component_ref idref="oc-3c3"/>
      </symbol>
      <symbol id="sm-815">
         <name>C$$IO$$</name>
         <value>0x328b</value>
         <object_component_ref idref="oc-3c3"/>
      </symbol>
      <symbol id="sm-816">
         <name>__CIOBUF_</name>
         <value>0x20000630</value>
         <object_component_ref idref="oc-3f5"/>
      </symbol>
      <symbol id="sm-817">
         <name>__TI_writemsg</name>
         <value>0x325d</value>
         <object_component_ref idref="oc-3c3"/>
      </symbol>
      <symbol id="sm-84e">
         <name>__TI_cleanup</name>
         <value>0x1bdd</value>
         <object_component_ref idref="oc-324"/>
      </symbol>
      <symbol id="sm-84f">
         <name>freopen</name>
         <value>0x1c09</value>
         <object_component_ref idref="oc-324"/>
      </symbol>
      <symbol id="sm-850">
         <name>fopen</name>
         <value>0x1c33</value>
         <object_component_ref idref="oc-324"/>
      </symbol>
      <symbol id="sm-8bf">
         <name>_sys_memory</name>
         <value>0x20000000</value>
         <object_component_ref idref="oc-30"/>
      </symbol>
      <symbol id="sm-8c0">
         <name>free</name>
         <value>0x130f</value>
         <object_component_ref idref="oc-31e"/>
      </symbol>
      <symbol id="sm-8c1">
         <name>realloc</name>
         <value>0x13d1</value>
         <object_component_ref idref="oc-31e"/>
      </symbol>
      <symbol id="sm-8c2">
         <name>memalign</name>
         <value>0x14d9</value>
         <object_component_ref idref="oc-31e"/>
      </symbol>
      <symbol id="sm-8c3">
         <name>calloc</name>
         <value>0x15c5</value>
         <object_component_ref idref="oc-31e"/>
      </symbol>
      <symbol id="sm-8c4">
         <name>malloc</name>
         <value>0x12a5</value>
         <object_component_ref idref="oc-31e"/>
      </symbol>
      <symbol id="sm-8c5">
         <name>minit</name>
         <value>0x1225</value>
         <object_component_ref idref="oc-31e"/>
      </symbol>
      <symbol id="sm-8e2">
         <name>open</name>
         <value>0x2985</value>
         <object_component_ref idref="oc-366"/>
      </symbol>
      <symbol id="sm-8f8">
         <name>__TI_closefile</name>
         <value>0x2c3d</value>
         <object_component_ref idref="oc-36c"/>
      </symbol>
      <symbol id="sm-8f9">
         <name>fclose</name>
         <value>0x2ca3</value>
         <object_component_ref idref="oc-36c"/>
      </symbol>
      <symbol id="sm-913">
         <name>finddevice</name>
         <value>0x2f65</value>
         <object_component_ref idref="oc-3a9"/>
      </symbol>
      <symbol id="sm-914">
         <name>getdevice</name>
         <value>0x2f8f</value>
         <object_component_ref idref="oc-3a9"/>
      </symbol>
      <symbol id="sm-924">
         <name>strcmp</name>
         <value>0x3ba5</value>
         <object_component_ref idref="oc-3df"/>
      </symbol>
      <symbol id="sm-934">
         <name>strncpy</name>
         <value>0x39a5</value>
         <object_component_ref idref="oc-3e5"/>
      </symbol>
      <symbol id="sm-944">
         <name>unlink</name>
         <value>0x3a35</value>
         <object_component_ref idref="oc-3b8"/>
      </symbol>
      <symbol id="sm-958">
         <name>close</name>
         <value>0x3451</value>
         <object_component_ref idref="oc-3b2"/>
      </symbol>
      <symbol id="sm-959">
         <name>__TI_static_base__</name>
         <value>0x0</value>
      </symbol>
      <symbol id="sm-95c">
         <name>MAP_ADC14_getvolt</name>
         <value>0x0</value>
      </symbol>
      <symbol id="sm-95d">
         <name>SHT$$INIT_ARRAY$$Limit</name>
         <value>0x0</value>
      </symbol>
      <symbol id="sm-95e">
         <name>SHT$$INIT_ARRAY$$Base</name>
         <value>0x0</value>
      </symbol>
      <symbol id="sm-95f">
         <name>NMI_Handler</name>
         <value>0x3c87</value>
      </symbol>
      <symbol id="sm-960">
         <name>HardFault_Handler</name>
         <value>0x3c87</value>
      </symbol>
      <symbol id="sm-961">
         <name>MemManage_Handler</name>
         <value>0x3c87</value>
      </symbol>
      <symbol id="sm-962">
         <name>BusFault_Handler</name>
         <value>0x3c87</value>
      </symbol>
      <symbol id="sm-963">
         <name>UsageFault_Handler</name>
         <value>0x3c87</value>
      </symbol>
      <symbol id="sm-964">
         <name>SVC_Handler</name>
         <value>0x3c87</value>
      </symbol>
      <symbol id="sm-965">
         <name>DebugMon_Handler</name>
         <value>0x3c87</value>
      </symbol>
      <symbol id="sm-966">
         <name>PendSV_Handler</name>
         <value>0x3c87</value>
      </symbol>
      <symbol id="sm-967">
         <name>SysTick_Handler</name>
         <value>0x3c87</value>
      </symbol>
      <symbol id="sm-968">
         <name>PSS_IRQHandler</name>
         <value>0x3c87</value>
      </symbol>
      <symbol id="sm-969">
         <name>CS_IRQHandler</name>
         <value>0x3c87</value>
      </symbol>
      <symbol id="sm-96a">
         <name>PCM_IRQHandler</name>
         <value>0x3c87</value>
      </symbol>
      <symbol id="sm-96b">
         <name>WDT_A_IRQHandler</name>
         <value>0x3c87</value>
      </symbol>
      <symbol id="sm-96c">
         <name>FPU_IRQHandler</name>
         <value>0x3c87</value>
      </symbol>
      <symbol id="sm-96d">
         <name>FLCTL_IRQHandler</name>
         <value>0x3c87</value>
      </symbol>
      <symbol id="sm-96e">
         <name>COMP_E0_IRQHandler</name>
         <value>0x3c87</value>
      </symbol>
      <symbol id="sm-96f">
         <name>COMP_E1_IRQHandler</name>
         <value>0x3c87</value>
      </symbol>
      <symbol id="sm-970">
         <name>TA0_0_IRQHandler</name>
         <value>0x1f0d</value>
      </symbol>
      <symbol id="sm-971">
         <name>TA0_N_IRQHandler</name>
         <value>0x3c87</value>
      </symbol>
      <symbol id="sm-972">
         <name>TA1_0_IRQHandler</name>
         <value>0x3c87</value>
      </symbol>
      <symbol id="sm-973">
         <name>TA1_N_IRQHandler</name>
         <value>0x3c87</value>
      </symbol>
      <symbol id="sm-974">
         <name>TA2_0_IRQHandler</name>
         <value>0x3c87</value>
      </symbol>
      <symbol id="sm-975">
         <name>TA2_N_IRQHandler</name>
         <value>0x3c87</value>
      </symbol>
      <symbol id="sm-976">
         <name>TA3_0_IRQHandler</name>
         <value>0x3c87</value>
      </symbol>
      <symbol id="sm-977">
         <name>TA3_N_IRQHandler</name>
         <value>0x3c87</value>
      </symbol>
      <symbol id="sm-978">
         <name>EUSCIA0_IRQHandler</name>
         <value>0x3c87</value>
      </symbol>
      <symbol id="sm-979">
         <name>EUSCIA1_IRQHandler</name>
         <value>0x3c87</value>
      </symbol>
      <symbol id="sm-97a">
         <name>EUSCIA2_IRQHandler</name>
         <value>0x3c87</value>
      </symbol>
      <symbol id="sm-97b">
         <name>EUSCIA3_IRQHandler</name>
         <value>0x3c87</value>
      </symbol>
      <symbol id="sm-97c">
         <name>EUSCIB0_IRQHandler</name>
         <value>0x3c87</value>
      </symbol>
      <symbol id="sm-97d">
         <name>EUSCIB1_IRQHandler</name>
         <value>0x3c87</value>
      </symbol>
      <symbol id="sm-97e">
         <name>EUSCIB2_IRQHandler</name>
         <value>0x3c87</value>
      </symbol>
      <symbol id="sm-97f">
         <name>EUSCIB3_IRQHandler</name>
         <value>0x3c87</value>
      </symbol>
      <symbol id="sm-980">
         <name>ADC14_IRQHandler</name>
         <value>0x3c87</value>
      </symbol>
      <symbol id="sm-981">
         <name>T32_INT1_IRQHandler</name>
         <value>0x3c87</value>
      </symbol>
      <symbol id="sm-982">
         <name>T32_INT2_IRQHandler</name>
         <value>0x3c87</value>
      </symbol>
      <symbol id="sm-983">
         <name>T32_INTC_IRQHandler</name>
         <value>0x3c87</value>
      </symbol>
      <symbol id="sm-984">
         <name>AES256_IRQHandler</name>
         <value>0x3c87</value>
      </symbol>
      <symbol id="sm-985">
         <name>RTC_C_IRQHandler</name>
         <value>0x3c87</value>
      </symbol>
      <symbol id="sm-986">
         <name>DMA_ERR_IRQHandler</name>
         <value>0x3c87</value>
      </symbol>
      <symbol id="sm-987">
         <name>DMA_INT3_IRQHandler</name>
         <value>0x3c87</value>
      </symbol>
      <symbol id="sm-988">
         <name>DMA_INT2_IRQHandler</name>
         <value>0x3c87</value>
      </symbol>
      <symbol id="sm-989">
         <name>DMA_INT1_IRQHandler</name>
         <value>0x3c87</value>
      </symbol>
      <symbol id="sm-98a">
         <name>DMA_INT0_IRQHandler</name>
         <value>0x3c87</value>
      </symbol>
      <symbol id="sm-98b">
         <name>PORT1_IRQHandler</name>
         <value>0x3c87</value>
      </symbol>
      <symbol id="sm-98c">
         <name>PORT2_IRQHandler</name>
         <value>0x3c87</value>
      </symbol>
      <symbol id="sm-98d">
         <name>PORT3_IRQHandler</name>
         <value>0x3c87</value>
      </symbol>
      <symbol id="sm-98e">
         <name>PORT4_IRQHandler</name>
         <value>0x3c87</value>
      </symbol>
      <symbol id="sm-98f">
         <name>PORT5_IRQHandler</name>
         <value>0x3c87</value>
      </symbol>
      <symbol id="sm-990">
         <name>PORT6_IRQHandler</name>
         <value>0x3c87</value>
      </symbol>
      <symbol id="sm-991">
         <name>remove</name>
         <value>0x3a35</value>
      </symbol>
   </symbol_table>
   <title>Link errors: red sections failed placement</title>
</link_info>
